{{Note|This is about the native Optimus support in x11-drivers/nvidia-drivers - It is *not* about bumblebee - bumblebee is not used in this configuration.}}

Laptops with NVIDIA graphics cards using NVIDIA Optimus can be configured to
render scenes on the discrete NVIDIA GPU (Graphics Processing Unit) card using
x11-drivers/nvidia-drivers and copy the rendered scenes to the Intel GPU using
XRandR.

It is recommended to have an alternative boot method available such as bootable
CD-ROM or DVD.

== Kernel configuration ==

Consider setting:

{{Kernel||<pre>
DeviceDrivers  --->
    Graphics Support  --->
        <*> Intel 8xx/9xx/Gex/G4x/HD Graphics
        [*]   Enable modetting on intel by default
</pre>}}

== xorg.conf configuration ==

http://us.download.nvidia.com/XFree86/Linux-x86_64/331.38/README/optimus.html
http://us.download.nvidia.com/XFree86/Linux-x86_64/331.38/README/randr14.html

=== Using monitor EDID saved to a file ===

It is probably best to first try a simple configuration first like described in the NVIDIA driver manual:

http://us.download.nvidia.com/XFree86/Linux-x86_64/331.38/README/randr14.html

Some laptops may benefit from saving the EDID screen information to a file so it can be
passed to the NVIDIA and Intel modesetting drivers.  The EDID information can be saved like:

{{RootCmd|emerge -v x11-misc/read-edid}}
{{RootCmd|get-edid >/lib/firmware/edid/1920x1080_Clevo_W670SR.bin}}

The EDID information is provided to the Intel GPU (Graphics Processing Unit) by specifying its
location in the kernel boot parameter:

 <nowiki>
drm_kms_helper.edid_firmware=edid/1920x1080_clevo_W670SR.bin</nowiki>

If you are using the grub boot loader on Gentoo this can be configured in the file /etc/default/grub:

{{File|/etc/default/grub||<pre>
GRUB_CMDLINE_LINUX_DEFAULT="drm_kms_helper.edid_firmware=edid/1920x1080_clevo_W670SR.bin"
GRUB_GFXMODE=1920x1080
</pre>}}

Note: On Sabayon linux the kernel boot parameters should be specified in the /etc/default/sabayon-grub file
instead of /etc/default/grub.

=== Example configuration using monitor EDID saved to a file ===

{{File|/etc/X11/xorg.conf||<pre>
# nvidia-xconfig: X configuration file generated by nvidia-xconfig
# nvidia-xconfig:  version 331.20  (buildmeister@swio-display-x86-rhel47-05)  Wed Oct 30 18:20:53 PDT 2013

Section "ServerLayout"
    Identifier     "Layout0"
    Screen      0  "Screen0"
    Inactive       "intel"
    InputDevice    "Keyboard0" "CoreKeyboard"
    InputDevice    "Mouse0" "CorePointer"
EndSection

Section "Files"
EndSection

Section "InputDevice"
    # generated from data in "/etc/conf.d/gpm"
    Identifier     "Mouse0"
    Driver         "mouse"
    Option         "Protocol"
    Option         "Device" "/dev/input/mice"
    Option         "Emulate3Buttons" "no"
    Option         "ZAxisMapping" "4 5"
EndSection

Section "InputDevice"
    # generated from default
    Identifier     "Keyboard0"
    Driver         "kbd"
EndSection

Section "Monitor"
    Identifier     "Monitor0"
    VendorName     "Unknown"
    ModelName      "Unknown"
EndSection

Section "Device"
    Identifier     "Device0"
    Driver         "nvidia"
    VendorName     "NVIDIA Corporation"
    # Stuff on the net says to use BusID "PCI:1:0:0" but the manual says to use "1@0:0:0"
    BusID          "1@0:0:0"
    Option         "ConnectedMonitor" "DFP-0"
    Option         "CustomEDID" "DFP-0:/lib/firmware/edid/1920x1080_Clevo_W670SR.bin"
    Option         "UseEDID" "True"
    Option         "ModeValidation" "NoVirtualSizeCheck"
    # Option       "ModeDebug" "True"
EndSection

Section "Screen"
    Identifier     "Screen0"
    Device         "Device0"
    Monitor        "Monitor0"
    Option         "RenderAccel" "True"
    Option         "NoRenderExtension" "False"
    Option         "AllowGLXWithComposite" "True"
    Option         "AddARGBGLXVisuals" "True"
    Option         "DamageEvents" "True"
    Option         "ConnectToAcpid" "True"
    SubSection     "Display"
        Depth       24
        Modes      "1920x1080"
    EndSubSection
EndSection

Section "Device"
    Identifier     "intel"
    Driver         "modesetting"
    Option         "CustomEDID" "DFP-0:/lib/firmware/edid/1920x1080_Clevo_W670SR.bin"
EndSection

Section "Screen"
    Identifier    "intel"
    Device        "intel"
    SubSection     "Display"
        Depth       24
        Modes      "1920x1080"
    EndSubSection
    Monitor       "Monitor0"
EndSection

Section "Extensions"
    Option         "Composite" "Enable"
EndSection
</pre>}}

==== Debugging your NVIDIA Optimus configuration ====

If your configuration does not work, then an approach to debug it is to
carefully read the /var/log/dmesg and /var/log/Xorg.0.log files to look
for problems, then to make changes to the kernel configuration, kernel boot
parameters, the /etc/X11/xorg.conf file, etc. as necessary, then try it
again.  It may require many attempts to obtain a working configuration.

To aid in distinguishing between unimportant and important messages in
the /var/log/dmesg and /var/log/Xorg.0.log files, examples are provided
below for a working configuration with the above example /etc/X11/xorg.conf
file on a Clevo W670SR notebook.

{{File|/var/log/dmesg||<pre>
[    0.000000] Initializing cgroup subsys cpuset
[    0.000000] Initializing cgroup subsys cpu
[    0.000000] Initializing cgroup subsys cpuacct
[    0.000000] Linux version 3.13.1-gentoo (root@janette) (gcc version 4.7.3 (Gentoo Hardened 4.7.3-r1 p1.4, pie-0.5.5) ) #3 SMP Sat Feb 1 21:10:45 EST 2014
[    0.000000] Command line: BOOT_IMAGE=/kernel-3.13.1-gentoo root=ZFS=/gentoo/root ro dozfs=force root=ZFS=jpool/gentoo/root drm_kms_helper.edid_firmware=edid/1920x1080_clevo_W670SR.bin
[    0.000000] e820: BIOS-provided physical RAM map:
[    0.000000] BIOS-e820: [mem 0x0000000000000000-0x000000000009d7ff] usable
[    0.000000] BIOS-e820: [mem 0x000000000009d800-0x000000000009ffff] reserved
[    0.000000] BIOS-e820: [mem 0x00000000000e0000-0x00000000000fffff] reserved
[    0.000000] BIOS-e820: [mem 0x0000000000100000-0x00000000c8cd3fff] usable
[    0.000000] BIOS-e820: [mem 0x00000000c8cd4000-0x00000000c8ddbfff] ACPI NVS
[    0.000000] BIOS-e820: [mem 0x00000000c8ddc000-0x00000000c9189fff] usable
[    0.000000] BIOS-e820: [mem 0x00000000c918a000-0x00000000c919dfff] ACPI NVS
[    0.000000] BIOS-e820: [mem 0x00000000c919e000-0x00000000c92a4fff] usable
[    0.000000] BIOS-e820: [mem 0x00000000c92a5000-0x00000000c93b7fff] reserved
[    0.000000] BIOS-e820: [mem 0x00000000c93b8000-0x00000000c9962fff] usable
[    0.000000] BIOS-e820: [mem 0x00000000c9963000-0x00000000c9969fff] ACPI NVS
[    0.000000] BIOS-e820: [mem 0x00000000c996a000-0x00000000ca164fff] usable
[    0.000000] BIOS-e820: [mem 0x00000000ca165000-0x00000000ca3f1fff] reserved
[    0.000000] BIOS-e820: [mem 0x00000000ca3f2000-0x00000000cb916fff] usable
[    0.000000] BIOS-e820: [mem 0x00000000cb917000-0x00000000cb937fff] ACPI NVS
[    0.000000] BIOS-e820: [mem 0x00000000cb938000-0x00000000cb952fff] usable
[    0.000000] BIOS-e820: [mem 0x00000000cb953000-0x00000000cb967fff] reserved
[    0.000000] BIOS-e820: [mem 0x00000000cb968000-0x00000000cb96cfff] usable
[    0.000000] BIOS-e820: [mem 0x00000000cb96d000-0x00000000cb96efff] reserved
[    0.000000] BIOS-e820: [mem 0x00000000cb96f000-0x00000000cb979fff] usable
[    0.000000] BIOS-e820: [mem 0x00000000cb97a000-0x00000000cb97bfff] reserved
[    0.000000] BIOS-e820: [mem 0x00000000cb97c000-0x00000000cb999fff] usable
[    0.000000] BIOS-e820: [mem 0x00000000cb99a000-0x00000000cb9aefff] reserved
[    0.000000] BIOS-e820: [mem 0x00000000cb9af000-0x00000000cb9dafff] usable
[    0.000000] BIOS-e820: [mem 0x00000000cb9db000-0x00000000cbc61fff] reserved
[    0.000000] BIOS-e820: [mem 0x00000000cbc62000-0x00000000cbc62fff] ACPI NVS
[    0.000000] BIOS-e820: [mem 0x00000000cbc63000-0x00000000cbc65fff] usable
[    0.000000] BIOS-e820: [mem 0x00000000cbc66000-0x00000000cbc75fff] reserved
[    0.000000] BIOS-e820: [mem 0x00000000cbc76000-0x00000000cbc9ffff] usable
[    0.000000] BIOS-e820: [mem 0x00000000cbca0000-0x00000000cbca1fff] reserved
[    0.000000] BIOS-e820: [mem 0x00000000cbca2000-0x00000000cbd7cfff] usable
[    0.000000] BIOS-e820: [mem 0x00000000cbd7d000-0x00000000cbd7ffff] reserved
[    0.000000] BIOS-e820: [mem 0x00000000cbd80000-0x00000000cbd80fff] usable
[    0.000000] BIOS-e820: [mem 0x00000000cbd81000-0x00000000cbd9ffff] reserved
[    0.000000] BIOS-e820: [mem 0x00000000cbda0000-0x00000000cbda3fff] usable
[    0.000000] BIOS-e820: [mem 0x00000000cbda4000-0x00000000cbda6fff] reserved
[    0.000000] BIOS-e820: [mem 0x00000000cbda7000-0x00000000cbdb6fff] usable
[    0.000000] BIOS-e820: [mem 0x00000000cbdb7000-0x00000000cbdb8fff] reserved
[    0.000000] BIOS-e820: [mem 0x00000000cbdb9000-0x00000000cbdfffff] usable
[    0.000000] BIOS-e820: [mem 0x00000000cbe00000-0x00000000cbe08fff] ACPI NVS
[    0.000000] BIOS-e820: [mem 0x00000000cbe09000-0x00000000cbe09fff] reserved
[    0.000000] BIOS-e820: [mem 0x00000000cbe0a000-0x00000000cbe23fff] usable
[    0.000000] BIOS-e820: [mem 0x00000000cbe24000-0x00000000cbe29fff] reserved
[    0.000000] BIOS-e820: [mem 0x00000000cbe2a000-0x00000000cbe58fff] usable
[    0.000000] BIOS-e820: [mem 0x00000000cbe59000-0x00000000cbe5efff] reserved
[    0.000000] BIOS-e820: [mem 0x00000000cbe5f000-0x00000000cbe78fff] usable
[    0.000000] BIOS-e820: [mem 0x00000000cbe79000-0x00000000cbeb8fff] reserved
[    0.000000] BIOS-e820: [mem 0x00000000cbeb9000-0x00000000cbf0efff] usable
[    0.000000] BIOS-e820: [mem 0x00000000cbf0f000-0x00000000cbf16fff] reserved
[    0.000000] BIOS-e820: [mem 0x00000000cbf17000-0x00000000cbf1afff] ACPI NVS
[    0.000000] BIOS-e820: [mem 0x00000000cbf1b000-0x00000000cbf1cfff] reserved
[    0.000000] BIOS-e820: [mem 0x00000000cbf1d000-0x00000000cbf1dfff] ACPI NVS
[    0.000000] BIOS-e820: [mem 0x00000000cbf1e000-0x00000000cbf35fff] reserved
[    0.000000] BIOS-e820: [mem 0x00000000cbf36000-0x00000000cbf36fff] ACPI NVS
[    0.000000] BIOS-e820: [mem 0x00000000cbf37000-0x00000000cbf37fff] reserved
[    0.000000] BIOS-e820: [mem 0x00000000cbf38000-0x00000000cbf38fff] ACPI NVS
[    0.000000] BIOS-e820: [mem 0x00000000cbf39000-0x00000000cbffefff] reserved
[    0.000000] BIOS-e820: [mem 0x00000000cbfff000-0x00000000cbffffff] usable
[    0.000000] BIOS-e820: [mem 0x00000000cd000000-0x00000000cf1fffff] reserved
[    0.000000] BIOS-e820: [mem 0x00000000f8000000-0x00000000fbffffff] reserved
[    0.000000] BIOS-e820: [mem 0x00000000fec00000-0x00000000fec00fff] reserved
[    0.000000] BIOS-e820: [mem 0x00000000fed00000-0x00000000fed03fff] reserved
[    0.000000] BIOS-e820: [mem 0x00000000fed1c000-0x00000000fed1ffff] reserved
[    0.000000] BIOS-e820: [mem 0x00000000fee00000-0x00000000fee00fff] reserved
[    0.000000] BIOS-e820: [mem 0x00000000ff000000-0x00000000ffffffff] reserved
[    0.000000] BIOS-e820: [mem 0x0000000100000000-0x000000042fdfffff] usable
[    0.000000] NX (Execute Disable) protection: active
[    0.000000] SMBIOS 2.7 present.
[    0.000000] DMI: Notebook                         W65_W670SR                      /W65_W670SR                      , BIOS 1.00.06 08/07/2013
[    0.000000] e820: update [mem 0x00000000-0x00000fff] usable ==> reserved
[    0.000000] e820: remove [mem 0x000a0000-0x000fffff] usable
[    0.000000] No AGP bridge found
[    0.000000] e820: last_pfn = 0x42fe00 max_arch_pfn = 0x400000000
[    0.000000] MTRR default type: uncachable
[    0.000000] MTRR fixed ranges enabled:
[    0.000000]   00000-9FFFF write-back
[    0.000000]   A0000-BFFFF uncachable
[    0.000000]   C0000-CFFFF write-protect
[    0.000000]   D0000-E7FFF uncachable
[    0.000000]   E8000-FFFFF write-protect
[    0.000000] MTRR variable ranges enabled:
[    0.000000]   0 base 0000000000 mask 7C00000000 write-back
[    0.000000]   1 base 0400000000 mask 7FE0000000 write-back
[    0.000000]   2 base 0420000000 mask 7FF0000000 write-back
[    0.000000]   3 base 00E0000000 mask 7FE0000000 uncachable
[    0.000000]   4 base 00D0000000 mask 7FF0000000 uncachable
[    0.000000]   5 base 00CE000000 mask 7FFE000000 uncachable
[    0.000000]   6 base 00CD000000 mask 7FFF000000 uncachable
[    0.000000]   7 base 042FE00000 mask 7FFFE00000 uncachable
[    0.000000]   8 disabled
[    0.000000]   9 disabled
[    0.000000] x86 PAT enabled: cpu 0, old 0x7040600070406, new 0x7010600070106
[    0.000000] e820: update [mem 0xcd000000-0xffffffff] usable ==> reserved
[    0.000000] e820: last_pfn = 0xcc000 max_arch_pfn = 0x400000000
[    0.000000] found SMP MP-table at [mem 0x000fd820-0x000fd82f] mapped at [ffff8800000fd820]
[    0.000000] Scanning 1 areas for low memory corruption
[    0.000000] Base memory trampoline at [ffff880000097000] 97000 size 24576
[    0.000000] Using GB pages for direct mapping
[    0.000000] init_memory_mapping: [mem 0x00000000-0x000fffff]
[    0.000000]  [mem 0x00000000-0x000fffff] page 4k
[    0.000000] BRK [0x020ef000, 0x020effff] PGTABLE
[    0.000000] BRK [0x020f0000, 0x020f0fff] PGTABLE
[    0.000000] BRK [0x020f1000, 0x020f1fff] PGTABLE
[    0.000000] init_memory_mapping: [mem 0x42fc00000-0x42fdfffff]
[    0.000000]  [mem 0x42fc00000-0x42fdfffff] page 2M
[    0.000000] BRK [0x020f2000, 0x020f2fff] PGTABLE
[    0.000000] init_memory_mapping: [mem 0x42c000000-0x42fbfffff]
[    0.000000]  [mem 0x42c000000-0x42fbfffff] page 2M
[    0.000000] init_memory_mapping: [mem 0x400000000-0x42bffffff]
[    0.000000]  [mem 0x400000000-0x42bffffff] page 2M
[    0.000000] init_memory_mapping: [mem 0x00100000-0xc8cd3fff]
[    0.000000]  [mem 0x00100000-0x001fffff] page 4k
[    0.000000]  [mem 0x00200000-0x3fffffff] page 2M
[    0.000000]  [mem 0x40000000-0xbfffffff] page 1G
[    0.000000]  [mem 0xc0000000-0xc8bfffff] page 2M
[    0.000000]  [mem 0xc8c00000-0xc8cd3fff] page 4k
[    0.000000] init_memory_mapping: [mem 0xc8ddc000-0xc9189fff]
[    0.000000]  [mem 0xc8ddc000-0xc8dfffff] page 4k
[    0.000000]  [mem 0xc8e00000-0xc8ffffff] page 2M
[    0.000000]  [mem 0xc9000000-0xc9189fff] page 4k
[    0.000000] BRK [0x020f3000, 0x020f3fff] PGTABLE
[    0.000000] init_memory_mapping: [mem 0xc919e000-0xc92a4fff]
[    0.000000]  [mem 0xc919e000-0xc92a4fff] page 4k
[    0.000000] BRK [0x020f4000, 0x020f4fff] PGTABLE
[    0.000000] init_memory_mapping: [mem 0xc93b8000-0xc9962fff]
[    0.000000]  [mem 0xc93b8000-0xc93fffff] page 4k
[    0.000000]  [mem 0xc9400000-0xc97fffff] page 2M
[    0.000000]  [mem 0xc9800000-0xc9962fff] page 4k
[    0.000000] init_memory_mapping: [mem 0xc996a000-0xca164fff]
[    0.000000]  [mem 0xc996a000-0xc99fffff] page 4k
[    0.000000]  [mem 0xc9a00000-0xc9ffffff] page 2M
[    0.000000]  [mem 0xca000000-0xca164fff] page 4k
[    0.000000] init_memory_mapping: [mem 0xca3f2000-0xcb916fff]
[    0.000000]  [mem 0xca3f2000-0xca3fffff] page 4k
[    0.000000]  [mem 0xca400000-0xcb7fffff] page 2M
[    0.000000]  [mem 0xcb800000-0xcb916fff] page 4k
[    0.000000] init_memory_mapping: [mem 0xcb938000-0xcb952fff]
[    0.000000]  [mem 0xcb938000-0xcb952fff] page 4k
[    0.000000] init_memory_mapping: [mem 0xcb968000-0xcb96cfff]
[    0.000000]  [mem 0xcb968000-0xcb96cfff] page 4k
[    0.000000] init_memory_mapping: [mem 0xcb96f000-0xcb979fff]
[    0.000000]  [mem 0xcb96f000-0xcb979fff] page 4k
[    0.000000] init_memory_mapping: [mem 0xcb97c000-0xcb999fff]
[    0.000000]  [mem 0xcb97c000-0xcb999fff] page 4k
[    0.000000] init_memory_mapping: [mem 0xcb9af000-0xcb9dafff]
[    0.000000]  [mem 0xcb9af000-0xcb9dafff] page 4k
[    0.000000] init_memory_mapping: [mem 0xcbc63000-0xcbc65fff]
[    0.000000]  [mem 0xcbc63000-0xcbc65fff] page 4k
[    0.000000] init_memory_mapping: [mem 0xcbc76000-0xcbc9ffff]
[    0.000000]  [mem 0xcbc76000-0xcbc9ffff] page 4k
[    0.000000] init_memory_mapping: [mem 0xcbca2000-0xcbd7cfff]
[    0.000000]  [mem 0xcbca2000-0xcbd7cfff] page 4k
[    0.000000] init_memory_mapping: [mem 0xcbd80000-0xcbd80fff]
[    0.000000]  [mem 0xcbd80000-0xcbd80fff] page 4k
[    0.000000] init_memory_mapping: [mem 0xcbda0000-0xcbda3fff]
[    0.000000]  [mem 0xcbda0000-0xcbda3fff] page 4k
[    0.000000] init_memory_mapping: [mem 0xcbda7000-0xcbdb6fff]
[    0.000000]  [mem 0xcbda7000-0xcbdb6fff] page 4k
[    0.000000] init_memory_mapping: [mem 0xcbdb9000-0xcbdfffff]
[    0.000000]  [mem 0xcbdb9000-0xcbdfffff] page 4k
[    0.000000] init_memory_mapping: [mem 0xcbe0a000-0xcbe23fff]
[    0.000000]  [mem 0xcbe0a000-0xcbe23fff] page 4k
[    0.000000] init_memory_mapping: [mem 0xcbe2a000-0xcbe58fff]
[    0.000000]  [mem 0xcbe2a000-0xcbe58fff] page 4k
[    0.000000] init_memory_mapping: [mem 0xcbe5f000-0xcbe78fff]
[    0.000000]  [mem 0xcbe5f000-0xcbe78fff] page 4k
[    0.000000] init_memory_mapping: [mem 0xcbeb9000-0xcbf0efff]
[    0.000000]  [mem 0xcbeb9000-0xcbf0efff] page 4k
[    0.000000] init_memory_mapping: [mem 0xcbfff000-0xcbffffff]
[    0.000000]  [mem 0xcbfff000-0xcbffffff] page 4k
[    0.000000] init_memory_mapping: [mem 0x100000000-0x3ffffffff]
[    0.000000]  [mem 0x100000000-0x3ffffffff] page 1G
[    0.000000] RAMDISK: [mem 0x379b8000-0x37cd3fff]
[    0.000000] ACPI: RSDP 00000000000f0490 000024 (v02 ALASKA)
[    0.000000] ACPI: XSDT 00000000c918a088 000094 (v01 ALASKA    A M I 01072009 AMI  00010013)
[    0.000000] ACPI: FACP 00000000c9196d18 00010C (v05 ALASKA    A M I 01072009 AMI  00010013)
[    0.000000] ACPI: DSDT 00000000c918a1b8 00CB5C (v02 ALASKA    A M I 00000024 INTL 20091112)
[    0.000000] ACPI: FACS 00000000cbf36080 000040
[    0.000000] ACPI: APIC 00000000c9196e28 000092 (v03 ALASKA    A M I 01072009 AMI  00010013)
[    0.000000] ACPI: FPDT 00000000c9196ec0 000044 (v01 ALASKA    A M I 01072009 AMI  00010013)
[    0.000000] ACPI: ASF! 00000000c9196f08 0000A5 (v32 INTEL       HCG 00000001 TFSM 000F4240)
[    0.000000] ACPI: SSDT 00000000c9196fb0 000F92 (v01 TrmRef PtidDevc 00001000 INTL 20091112)
[    0.000000] ACPI: SSDT 00000000c9197f48 000539 (v01  PmRef  Cpu0Ist 00003000 INTL 20051117)
[    0.000000] ACPI: SSDT 00000000c9198488 000AD8 (v01  PmRef    CpuPm 00003000 INTL 20051117)
[    0.000000] ACPI: MCFG 00000000c9198f60 00003C (v01 ALASKA    A M I 01072009 MSFT 00000097)
[    0.000000] ACPI: HPET 00000000c9198fa0 000038 (v01 ALASKA    A M I 01072009 AMI. 00000005)
[    0.000000] ACPI: SSDT 00000000c9198fd8 000315 (v01 SataRe SataTabl 00001000 INTL 20091112)
[    0.000000] ACPI: SSDT 00000000c91992f0 001976 (v01 SaSsdt  SaSsdt  00003000 INTL 20091112)
[    0.000000] ACPI: SSDT 00000000c919ac68 000EA8 (v01  SgRef    SgPeg 00001000 INTL 20091112)
[    0.000000] ACPI: DMAR 00000000c919bb10 000090 (v01 INTEL      HSW  00000001 INTL 00000001)
[    0.000000] ACPI: SSDT 00000000c919bba0 0019E1 (v01 OptRef  OptTabl 00001000 INTL 20091112)
[    0.000000] ACPI: Local APIC address 0xfee00000
[    0.000000] No NUMA configuration found
[    0.000000] Faking a node at [mem 0x0000000000000000-0x000000042fdfffff]
[    0.000000] Initmem setup node 0 [mem 0x00000000-0x42fdfffff]
[    0.000000]   NODE_DATA [mem 0x42fdf4000-0x42fdf7fff]
[    0.000000]  [ffffea0000000000-ffffea0010bfffff] PMD -> [ffff88041f400000-ffff88042f3fffff] on node 0
[    0.000000] Zone ranges:
[    0.000000]   DMA      [mem 0x00001000-0x00ffffff]
[    0.000000]   DMA32    [mem 0x01000000-0xffffffff]
[    0.000000]   Normal   [mem 0x100000000-0x42fdfffff]
[    0.000000] Movable zone start for each node
[    0.000000] Early memory node ranges
[    0.000000]   node   0: [mem 0x00001000-0x0009cfff]
[    0.000000]   node   0: [mem 0x00100000-0xc8cd3fff]
[    0.000000]   node   0: [mem 0xc8ddc000-0xc9189fff]
[    0.000000]   node   0: [mem 0xc919e000-0xc92a4fff]
[    0.000000]   node   0: [mem 0xc93b8000-0xc9962fff]
[    0.000000]   node   0: [mem 0xc996a000-0xca164fff]
[    0.000000]   node   0: [mem 0xca3f2000-0xcb916fff]
[    0.000000]   node   0: [mem 0xcb938000-0xcb952fff]
[    0.000000]   node   0: [mem 0xcb968000-0xcb96cfff]
[    0.000000]   node   0: [mem 0xcb96f000-0xcb979fff]
[    0.000000]   node   0: [mem 0xcb97c000-0xcb999fff]
[    0.000000]   node   0: [mem 0xcb9af000-0xcb9dafff]
[    0.000000]   node   0: [mem 0xcbc63000-0xcbc65fff]
[    0.000000]   node   0: [mem 0xcbc76000-0xcbc9ffff]
[    0.000000]   node   0: [mem 0xcbca2000-0xcbd7cfff]
[    0.000000]   node   0: [mem 0xcbd80000-0xcbd80fff]
[    0.000000]   node   0: [mem 0xcbda0000-0xcbda3fff]
[    0.000000]   node   0: [mem 0xcbda7000-0xcbdb6fff]
[    0.000000]   node   0: [mem 0xcbdb9000-0xcbdfffff]
[    0.000000]   node   0: [mem 0xcbe0a000-0xcbe23fff]
[    0.000000]   node   0: [mem 0xcbe2a000-0xcbe58fff]
[    0.000000]   node   0: [mem 0xcbe5f000-0xcbe78fff]
[    0.000000]   node   0: [mem 0xcbeb9000-0xcbf0efff]
[    0.000000]   node   0: [mem 0xcbfff000-0xcbffffff]
[    0.000000]   node   0: [mem 0x100000000-0x42fdfffff]
[    0.000000] On node 0 totalpages: 4174979
[    0.000000]   DMA zone: 64 pages used for memmap
[    0.000000]   DMA zone: 21 pages reserved
[    0.000000]   DMA zone: 3996 pages, LIFO batch:0
[    0.000000]   DMA32 zone: 12956 pages used for memmap
[    0.000000]   DMA32 zone: 829159 pages, LIFO batch:31
[    0.000000]   Normal zone: 52216 pages used for memmap
[    0.000000]   Normal zone: 3341824 pages, LIFO batch:31
[    0.000000] ACPI: PM-Timer IO Port: 0x1808
[    0.000000] ACPI: Local APIC address 0xfee00000
[    0.000000] ACPI: LAPIC (acpi_id[0x01] lapic_id[0x00] enabled)
[    0.000000] ACPI: LAPIC (acpi_id[0x02] lapic_id[0x02] enabled)
[    0.000000] ACPI: LAPIC (acpi_id[0x03] lapic_id[0x04] enabled)
[    0.000000] ACPI: LAPIC (acpi_id[0x04] lapic_id[0x06] enabled)
[    0.000000] ACPI: LAPIC (acpi_id[0x05] lapic_id[0x01] enabled)
[    0.000000] ACPI: LAPIC (acpi_id[0x06] lapic_id[0x03] enabled)
[    0.000000] ACPI: LAPIC (acpi_id[0x07] lapic_id[0x05] enabled)
[    0.000000] ACPI: LAPIC (acpi_id[0x08] lapic_id[0x07] enabled)
[    0.000000] ACPI: LAPIC_NMI (acpi_id[0xff] high edge lint[0x1])
[    0.000000] ACPI: IOAPIC (id[0x02] address[0xfec00000] gsi_base[0])
[    0.000000] IOAPIC[0]: apic_id 2, version 32, address 0xfec00000, GSI 0-23
[    0.000000] ACPI: INT_SRC_OVR (bus 0 bus_irq 0 global_irq 2 dfl dfl)
[    0.000000] ACPI: INT_SRC_OVR (bus 0 bus_irq 9 global_irq 9 high level)
[    0.000000] ACPI: IRQ0 used by override.
[    0.000000] ACPI: IRQ2 used by override.
[    0.000000] ACPI: IRQ9 used by override.
[    0.000000] Using ACPI (MADT) for SMP configuration information
[    0.000000] ACPI: HPET id: 0x8086a701 base: 0xfed00000
[    0.000000] smpboot: Allowing 8 CPUs, 0 hotplug CPUs
[    0.000000] nr_irqs_gsi: 40
[    0.000000] PM: Registered nosave memory: [mem 0x0009d000-0x0009dfff]
[    0.000000] PM: Registered nosave memory: [mem 0x0009e000-0x0009ffff]
[    0.000000] PM: Registered nosave memory: [mem 0x000a0000-0x000dffff]
[    0.000000] PM: Registered nosave memory: [mem 0x000e0000-0x000fffff]
[    0.000000] PM: Registered nosave memory: [mem 0xc8cd4000-0xc8ddbfff]
[    0.000000] PM: Registered nosave memory: [mem 0xc918a000-0xc919dfff]
[    0.000000] PM: Registered nosave memory: [mem 0xc92a5000-0xc93b7fff]
[    0.000000] PM: Registered nosave memory: [mem 0xc9963000-0xc9969fff]
[    0.000000] PM: Registered nosave memory: [mem 0xca165000-0xca3f1fff]
[    0.000000] PM: Registered nosave memory: [mem 0xcb917000-0xcb937fff]
[    0.000000] PM: Registered nosave memory: [mem 0xcb953000-0xcb967fff]
[    0.000000] PM: Registered nosave memory: [mem 0xcb96d000-0xcb96efff]
[    0.000000] PM: Registered nosave memory: [mem 0xcb97a000-0xcb97bfff]
[    0.000000] PM: Registered nosave memory: [mem 0xcb99a000-0xcb9aefff]
[    0.000000] PM: Registered nosave memory: [mem 0xcb9db000-0xcbc61fff]
[    0.000000] PM: Registered nosave memory: [mem 0xcbc62000-0xcbc62fff]
[    0.000000] PM: Registered nosave memory: [mem 0xcbc66000-0xcbc75fff]
[    0.000000] PM: Registered nosave memory: [mem 0xcbca0000-0xcbca1fff]
[    0.000000] PM: Registered nosave memory: [mem 0xcbd7d000-0xcbd7ffff]
[    0.000000] PM: Registered nosave memory: [mem 0xcbd81000-0xcbd9ffff]
[    0.000000] PM: Registered nosave memory: [mem 0xcbda4000-0xcbda6fff]
[    0.000000] PM: Registered nosave memory: [mem 0xcbdb7000-0xcbdb8fff]
[    0.000000] PM: Registered nosave memory: [mem 0xcbe00000-0xcbe08fff]
[    0.000000] PM: Registered nosave memory: [mem 0xcbe09000-0xcbe09fff]
[    0.000000] PM: Registered nosave memory: [mem 0xcbe24000-0xcbe29fff]
[    0.000000] PM: Registered nosave memory: [mem 0xcbe59000-0xcbe5efff]
[    0.000000] PM: Registered nosave memory: [mem 0xcbe79000-0xcbeb8fff]
[    0.000000] PM: Registered nosave memory: [mem 0xcbf0f000-0xcbf16fff]
[    0.000000] PM: Registered nosave memory: [mem 0xcbf17000-0xcbf1afff]
[    0.000000] PM: Registered nosave memory: [mem 0xcbf1b000-0xcbf1cfff]
[    0.000000] PM: Registered nosave memory: [mem 0xcbf1d000-0xcbf1dfff]
[    0.000000] PM: Registered nosave memory: [mem 0xcbf1e000-0xcbf35fff]
[    0.000000] PM: Registered nosave memory: [mem 0xcbf36000-0xcbf36fff]
[    0.000000] PM: Registered nosave memory: [mem 0xcbf37000-0xcbf37fff]
[    0.000000] PM: Registered nosave memory: [mem 0xcbf38000-0xcbf38fff]
[    0.000000] PM: Registered nosave memory: [mem 0xcbf39000-0xcbffefff]
[    0.000000] PM: Registered nosave memory: [mem 0xcc000000-0xccffffff]
[    0.000000] PM: Registered nosave memory: [mem 0xcd000000-0xcf1fffff]
[    0.000000] PM: Registered nosave memory: [mem 0xcf200000-0xf7ffffff]
[    0.000000] PM: Registered nosave memory: [mem 0xf8000000-0xfbffffff]
[    0.000000] PM: Registered nosave memory: [mem 0xfc000000-0xfebfffff]
[    0.000000] PM: Registered nosave memory: [mem 0xfec00000-0xfec00fff]
[    0.000000] PM: Registered nosave memory: [mem 0xfec01000-0xfecfffff]
[    0.000000] PM: Registered nosave memory: [mem 0xfed00000-0xfed03fff]
[    0.000000] PM: Registered nosave memory: [mem 0xfed04000-0xfed1bfff]
[    0.000000] PM: Registered nosave memory: [mem 0xfed1c000-0xfed1ffff]
[    0.000000] PM: Registered nosave memory: [mem 0xfed20000-0xfedfffff]
[    0.000000] PM: Registered nosave memory: [mem 0xfee00000-0xfee00fff]
[    0.000000] PM: Registered nosave memory: [mem 0xfee01000-0xfeffffff]
[    0.000000] PM: Registered nosave memory: [mem 0xff000000-0xffffffff]
[    0.000000] e820: [mem 0xcf200000-0xf7ffffff] available for PCI devices
[    0.000000] setup_percpu: NR_CPUS:64 nr_cpumask_bits:64 nr_cpu_ids:8 nr_node_ids:1
[    0.000000] PERCPU: Embedded 27 pages/cpu @ffff88042fa00000 s79616 r8192 d22784 u262144
[    0.000000] pcpu-alloc: s79616 r8192 d22784 u262144 alloc=1*2097152
[    0.000000] pcpu-alloc: [0] 0 1 2 3 4 5 6 7 
[    0.000000] Built 1 zonelists in Zone order, mobility grouping on.  Total pages: 4109722
[    0.000000] Policy zone: Normal
[    0.000000] Kernel command line: BOOT_IMAGE=/kernel-3.13.1-gentoo root=ZFS=/gentoo/root ro dozfs=force root=ZFS=jpool/gentoo/root drm_kms_helper.edid_firmware=edid/1920x1080_clevo_W670SR.bin
[    0.000000] PID hash table entries: 4096 (order: 3, 32768 bytes)
[    0.000000] xsave: enabled xstate_bv 0x7, cntxt size 0x340
[    0.000000] Checking aperture...
[    0.000000] No AGP bridge found
[    0.000000] ------------[ cut here ]------------
[    0.000000] WARNING: CPU: 0 PID: 0 at drivers/iommu/dmar.c:488 warn_invalid_dmar+0x81/0xa0()
[    0.000000] Your BIOS is broken; DMAR reported at address 0!
BIOS vendor: American Megatrends Inc.; Ver: 1.00.06; Product Version: Not Applicable                  
[    0.000000] Modules linked in:
[    0.000000] CPU: 0 PID: 0 Comm: swapper Not tainted 3.13.1-gentoo #3
[    0.000000] Hardware name: Notebook                         W65_W670SR                      /W65_W670SR                      , BIOS 1.00.06 08/07/2013
[    0.000000]  000000000000000b ffffffff81e01dd8 ffffffff81819d1b 000000000000000f
[    0.000000]  ffffffff81e01e28 ffffffff81e01e18 ffffffff8105cf57 ffffffff81e01e48
[    0.000000]  ffffffff820ee01c ffffffff820ee078 0000000000000000 ffffffff81fa42e0
[    0.000000] Call Trace:
[    0.000000]  [<ffffffff81819d1b>] dump_stack+0x46/0x58
[    0.000000]  [<ffffffff8105cf57>] warn_slowpath_common+0x87/0xb0
[    0.000000]  [<ffffffff8105cfda>] warn_slowpath_fmt_taint+0x3a/0x40
[    0.000000]  [<ffffffff81f06188>] ? early_ioremap+0x13/0x15
[    0.000000]  [<ffffffff81efdaf0>] ? __acpi_map_table+0x13/0x1a
[    0.000000]  [<ffffffff815ad2e1>] warn_invalid_dmar+0x81/0xa0
[    0.000000]  [<ffffffff81f39651>] check_zero_address+0x57/0xf7
[    0.000000]  [<ffffffff81f39706>] detect_intel_iommu+0x15/0x86
[    0.000000]  [<ffffffff81ef900c>] pci_iommu_alloc+0x4a/0x72
[    0.000000]  [<ffffffff81f05beb>] mem_init+0x11/0x88
[    0.000000]  [<ffffffff81ef3c4a>] start_kernel+0x1a5/0x3b4
[    0.000000]  [<ffffffff81ef38a4>] ? repair_env_string+0x5e/0x5e
[    0.000000]  [<ffffffff81ef35a5>] x86_64_start_reservations+0x2a/0x2c
[    0.000000]  [<ffffffff81ef36a4>] x86_64_start_kernel+0xfd/0x101
[    0.000000] ---[ end trace e12313fdd36d76db ]---
[    0.000000] Memory: 16350008K/16699916K available (8376K kernel code, 886K rwdata, 2692K rodata, 1056K init, 1020K bss, 349908K reserved)
[    0.000000] SLUB: HWalign=64, Order=0-3, MinObjects=0, CPUs=8, Nodes=1
[    0.000000] Hierarchical RCU implementation.
[    0.000000] 	RCU restricting CPUs from NR_CPUS=64 to nr_cpu_ids=8.
[    0.000000] NR_IRQS:4352 nr_irqs:744 16
[    0.000000] Console: colour dummy device 80x25
[    0.000000] console [tty0] enabled
[    0.000000] hpet clockevent registered
[    0.000000] tsc: Fast TSC calibration using PIT
[    0.001000] tsc: Detected 2394.478 MHz processor
[    0.000002] Calibrating delay loop (skipped), value calculated using timer frequency.. 4788.95 BogoMIPS (lpj=2394478)
[    0.000005] pid_max: default: 32768 minimum: 301
[    0.000020] Security Framework initialized
[    0.000023] SELinux:  Initializing.
[    0.000028] SELinux:  Starting in permissive mode
[    0.000664] Dentry cache hash table entries: 2097152 (order: 12, 16777216 bytes)
[    0.002843] Inode-cache hash table entries: 1048576 (order: 11, 8388608 bytes)
[    0.003700] Mount-cache hash table entries: 256
[    0.003811] Initializing cgroup subsys freezer
[    0.003827] CPU: Physical Processor ID: 0
[    0.003828] CPU: Processor Core ID: 0
[    0.003832] ENERGY_PERF_BIAS: Set to 'normal', was 'performance'
ENERGY_PERF_BIAS: View and update with x86_energy_perf_policy(8)
[    0.004599] mce: CPU supports 9 MCE banks
[    0.004610] CPU0: Thermal monitoring enabled (TM1)
[    0.004619] Last level iTLB entries: 4KB 0, 2MB 0, 4MB 0
Last level dTLB entries: 4KB 64, 2MB 0, 4MB 0
tlb_flushall_shift: 6
[    0.004707] Freeing SMP alternatives memory: 28K (ffffffff81fe7000 - ffffffff81fee000)
[    0.004710] ACPI: Core revision 20131115
[    0.010129] ACPI: All ACPI Tables successfully acquired
[    0.020167] ..TIMER: vector=0x30 apic1=0 pin1=2 apic2=-1 pin2=-1
[    0.030178] smpboot: CPU0: Intel(R) Core(TM) i7-4700MQ CPU @ 2.40GHz (fam: 06, model: 3c, stepping: 03)
[    0.030185] TSC deadline timer enabled
[    0.030190] Performance Events: PEBS fmt2+, 16-deep LBR, Haswell events, full-width counters, Intel PMU driver.
[    0.030196] ... version:                3
[    0.030198] ... bit width:              48
[    0.030199] ... generic registers:      4
[    0.030200] ... value mask:             0000ffffffffffff
[    0.030202] ... max period:             0000ffffffffffff
[    0.030203] ... fixed-purpose events:   3
[    0.030204] ... event mask:             000000070000000f
[    0.030354] x86: Booting SMP configuration:
[    0.030355] .... node  #0, CPUs:      #1 #2 #3 #4 #5 #6 #7
[    0.128443] x86: Booted up 1 node, 8 CPUs
[    0.128447] smpboot: Total of 8 processors activated (38311.64 BogoMIPS)
[    0.133511] devtmpfs: initialized
[    0.133617] PM: Registering ACPI NVS region [mem 0xc8cd4000-0xc8ddbfff] (1081344 bytes)
[    0.133629] PM: Registering ACPI NVS region [mem 0xc918a000-0xc919dfff] (81920 bytes)
[    0.133631] PM: Registering ACPI NVS region [mem 0xc9963000-0xc9969fff] (28672 bytes)
[    0.133634] PM: Registering ACPI NVS region [mem 0xcb917000-0xcb937fff] (135168 bytes)
[    0.133637] PM: Registering ACPI NVS region [mem 0xcbc62000-0xcbc62fff] (4096 bytes)
[    0.133639] PM: Registering ACPI NVS region [mem 0xcbe00000-0xcbe08fff] (36864 bytes)
[    0.133641] PM: Registering ACPI NVS region [mem 0xcbf17000-0xcbf1afff] (16384 bytes)
[    0.133643] PM: Registering ACPI NVS region [mem 0xcbf1d000-0xcbf1dfff] (4096 bytes)
[    0.133645] PM: Registering ACPI NVS region [mem 0xcbf36000-0xcbf36fff] (4096 bytes)
[    0.133647] PM: Registering ACPI NVS region [mem 0xcbf38000-0xcbf38fff] (4096 bytes)
[    0.133704] kworker/u16:0 (42) used greatest stack depth: 5688 bytes left
[    0.133808] RTC time:  1:28:49, date: 02/04/14
[    0.133833] NET: Registered protocol family 16
[    0.134016] cpuidle: using governor ladder
[    0.134018] cpuidle: using governor menu
[    0.134038] ACPI FADT declares the system doesn't support PCIe ASPM, so disable it
[    0.134040] ACPI: bus type PCI registered
[    0.134085] PCI: MMCONFIG for domain 0000 [bus 00-3f] at [mem 0xf8000000-0xfbffffff] (base 0xf8000000)
[    0.134088] PCI: MMCONFIG at [mem 0xf8000000-0xfbffffff] reserved in E820
[    0.147843] PCI: Using configuration type 1 for base access
[    0.153677] bio: create slab <bio-0> at 0
[    0.153822] ACPI: Added _OSI(Module Device)
[    0.153825] ACPI: Added _OSI(Processor Device)
[    0.153827] ACPI: Added _OSI(3.0 _SCP Extensions)
[    0.153829] ACPI: Added _OSI(Processor Aggregator Device)
[    0.156640] ACPI: Executed 1 blocks of module-level executable AML code
[    0.171977] [Firmware Bug]: ACPI: BIOS _OSI(Linux) query ignored
[    0.176570] ACPI: SSDT 00000000cbf1cc18 0003D3 (v01  PmRef  Cpu0Cst 00003001 INTL 20051117)
[    0.176983] ACPI: Dynamic OEM Table Load:
[    0.176986] ACPI: SSDT           (null) 0003D3 (v01  PmRef  Cpu0Cst 00003001 INTL 20051117)
[    0.181684] ACPI: SSDT 00000000cbf1c618 0005AA (v01  PmRef    ApIst 00003000 INTL 20051117)
[    0.182156] ACPI: Dynamic OEM Table Load:
[    0.182159] ACPI: SSDT           (null) 0005AA (v01  PmRef    ApIst 00003000 INTL 20051117)
[    0.186585] ACPI: SSDT 00000000cbf1bd98 000119 (v01  PmRef    ApCst 00003000 INTL 20051117)
[    0.186995] ACPI: Dynamic OEM Table Load:
[    0.186998] ACPI: SSDT           (null) 000119 (v01  PmRef    ApCst 00003000 INTL 20051117)
[    0.197692] ACPI: Interpreter enabled
[    0.197700] ACPI Exception: AE_NOT_FOUND, While evaluating Sleep State [\_S1_] (20131115/hwxface-580)
[    0.197707] ACPI Exception: AE_NOT_FOUND, While evaluating Sleep State [\_S2_] (20131115/hwxface-580)
[    0.197723] ACPI: (supports S0 S3 S4 S5)
[    0.197725] ACPI: Using IOAPIC for interrupt routing
[    0.197764] PCI: Using host bridge windows from ACPI; if necessary, use "pci=nocrs" and report a bug
[    0.197904] ACPI: No dock devices found.
[    0.213474] ACPI: PCI Root Bridge [PCI0] (domain 0000 [bus 00-3e])
[    0.213481] acpi PNP0A08:00: _OSC: OS supports [ExtendedConfig ASPM ClockPM Segments MSI]
[    0.213616] acpi PNP0A08:00: _OSC: platform does not support [PCIeHotplug PME]
[    0.213718] acpi PNP0A08:00: _OSC: OS now controls [AER PCIeCapability]
[    0.214052] PCI host bridge to bus 0000:00
[    0.214056] pci_bus 0000:00: root bus resource [bus 00-3e]
[    0.214058] pci_bus 0000:00: root bus resource [io  0x0000-0x0cf7]
[    0.214061] pci_bus 0000:00: root bus resource [io  0x0d00-0xffff]
[    0.214063] pci_bus 0000:00: root bus resource [mem 0x000a0000-0x000bffff]
[    0.214066] pci_bus 0000:00: root bus resource [mem 0x000d0000-0x000d3fff]
[    0.214068] pci_bus 0000:00: root bus resource [mem 0x000d4000-0x000d7fff]
[    0.214071] pci_bus 0000:00: root bus resource [mem 0x000d8000-0x000dbfff]
[    0.214073] pci_bus 0000:00: root bus resource [mem 0x000dc000-0x000dffff]
[    0.214076] pci_bus 0000:00: root bus resource [mem 0x000e0000-0x000e3fff]
[    0.214078] pci_bus 0000:00: root bus resource [mem 0x000e4000-0x000e7fff]
[    0.214081] pci_bus 0000:00: root bus resource [mem 0xcf200000-0xfeafffff]
[    0.214089] pci 0000:00:00.0: [8086:0c04] type 00 class 0x060000
[    0.214172] pci 0000:00:01.0: [8086:0c01] type 01 class 0x060400
[    0.214203] pci 0000:00:01.0: PME# supported from D0 D3hot D3cold
[    0.214249] pci 0000:00:01.0: System wakeup disabled by ACPI
[    0.214299] pci 0000:00:02.0: [8086:0416] type 00 class 0x030000
[    0.214307] pci 0000:00:02.0: reg 0x10: [mem 0xf7400000-0xf77fffff 64bit]
[    0.214312] pci 0000:00:02.0: reg 0x18: [mem 0xd0000000-0xdfffffff 64bit pref]
[    0.214316] pci 0000:00:02.0: reg 0x20: [io  0xf000-0xf03f]
[    0.214381] pci 0000:00:03.0: [8086:0c0c] type 00 class 0x040300
[    0.214387] pci 0000:00:03.0: reg 0x10: [mem 0xf7b14000-0xf7b17fff 64bit]
[    0.214476] pci 0000:00:14.0: [8086:8c31] type 00 class 0x0c0330
[    0.214492] pci 0000:00:14.0: reg 0x10: [mem 0xf7b00000-0xf7b0ffff 64bit]
[    0.214545] pci 0000:00:14.0: PME# supported from D3hot D3cold
[    0.214574] pci 0000:00:14.0: System wakeup disabled by ACPI
[    0.214636] pci 0000:00:16.0: [8086:8c3a] type 00 class 0x078000
[    0.214653] pci 0000:00:16.0: reg 0x10: [mem 0xf7b1e000-0xf7b1e00f 64bit]
[    0.214709] pci 0000:00:16.0: PME# supported from D0 D3hot D3cold
[    0.214778] pci 0000:00:1a.0: [8086:8c2d] type 00 class 0x0c0320
[    0.214796] pci 0000:00:1a.0: reg 0x10: [mem 0xf7b1c000-0xf7b1c3ff]
[    0.214876] pci 0000:00:1a.0: PME# supported from D0 D3hot D3cold
[    0.214917] pci 0000:00:1a.0: System wakeup disabled by ACPI
[    0.214951] pci 0000:00:1b.0: [8086:8c20] type 00 class 0x040300
[    0.214963] pci 0000:00:1b.0: reg 0x10: [mem 0xf7b10000-0xf7b13fff 64bit]
[    0.215020] pci 0000:00:1b.0: PME# supported from D0 D3hot D3cold
[    0.215051] pci 0000:00:1b.0: System wakeup disabled by ACPI
[    0.215080] pci 0000:00:1c.0: [8086:8c10] type 01 class 0x060400
[    0.215136] pci 0000:00:1c.0: PME# supported from D0 D3hot D3cold
[    0.215169] pci 0000:00:1c.0: System wakeup disabled by ACPI
[    0.215198] pci 0000:00:1c.1: [8086:8c12] type 01 class 0x060400
[    0.215254] pci 0000:00:1c.1: PME# supported from D0 D3hot D3cold
[    0.215294] pci 0000:00:1c.1: System wakeup disabled by ACPI
[    0.215322] pci 0000:00:1c.2: [8086:8c14] type 01 class 0x060400
[    0.215376] pci 0000:00:1c.2: PME# supported from D0 D3hot D3cold
[    0.215406] pci 0000:00:1c.2: System wakeup disabled by ACPI
[    0.215435] pci 0000:00:1c.3: [8086:8c16] type 01 class 0x060400
[    0.215489] pci 0000:00:1c.3: PME# supported from D0 D3hot D3cold
[    0.215519] pci 0000:00:1c.3: System wakeup disabled by ACPI
[    0.215554] pci 0000:00:1d.0: [8086:8c26] type 00 class 0x0c0320
[    0.215572] pci 0000:00:1d.0: reg 0x10: [mem 0xf7b1b000-0xf7b1b3ff]
[    0.215652] pci 0000:00:1d.0: PME# supported from D0 D3hot D3cold
[    0.215691] pci 0000:00:1d.0: System wakeup disabled by ACPI
[    0.215723] pci 0000:00:1f.0: [8086:8c49] type 00 class 0x060100
[    0.215864] pci 0000:00:1f.2: [8086:8c03] type 00 class 0x010601
[    0.215877] pci 0000:00:1f.2: reg 0x10: [io  0xf0b0-0xf0b7]
[    0.215883] pci 0000:00:1f.2: reg 0x14: [io  0xf0a0-0xf0a3]
[    0.215888] pci 0000:00:1f.2: reg 0x18: [io  0xf090-0xf097]
[    0.215894] pci 0000:00:1f.2: reg 0x1c: [io  0xf080-0xf083]
[    0.215900] pci 0000:00:1f.2: reg 0x20: [io  0xf060-0xf07f]
[    0.215905] pci 0000:00:1f.2: reg 0x24: [mem 0xf7b1a000-0xf7b1a7ff]
[    0.215936] pci 0000:00:1f.2: PME# supported from D3hot
[    0.215985] pci 0000:00:1f.3: [8086:8c22] type 00 class 0x0c0500
[    0.215997] pci 0000:00:1f.3: reg 0x10: [mem 0xf7b19000-0xf7b190ff 64bit]
[    0.216014] pci 0000:00:1f.3: reg 0x20: [io  0xf040-0xf05f]
[    0.216105] pci 0000:01:00.0: [10de:0fe4] type 00 class 0x030200
[    0.216111] pci 0000:01:00.0: reg 0x10: [mem 0xf6000000-0xf6ffffff]
[    0.216118] pci 0000:01:00.0: reg 0x14: [mem 0xe0000000-0xefffffff 64bit pref]
[    0.216124] pci 0000:01:00.0: reg 0x1c: [mem 0xf0000000-0xf1ffffff 64bit pref]
[    0.216129] pci 0000:01:00.0: reg 0x24: [io  0xe000-0xe07f]
[    0.216133] pci 0000:01:00.0: reg 0x30: [mem 0xf7000000-0xf707ffff pref]
[    0.216164] pci 0000:01:00.0: System wakeup disabled by ACPI
[    0.217611] pci 0000:00:01.0: PCI bridge to [bus 01]
[    0.217615] pci 0000:00:01.0:   bridge window [io  0xe000-0xefff]
[    0.217617] pci 0000:00:01.0:   bridge window [mem 0xf6000000-0xf70fffff]
[    0.217620] pci 0000:00:01.0:   bridge window [mem 0xe0000000-0xf1ffffff 64bit pref]
[    0.217672] pci 0000:00:1c.0: PCI bridge to [bus 02]
[    0.217748] pci 0000:03:00.0: [10ec:5229] type 00 class 0xff0000
[    0.217765] pci 0000:03:00.0: reg 0x10: [mem 0xf7a00000-0xf7a00fff]
[    0.217887] pci 0000:03:00.0: supports D1 D2
[    0.217888] pci 0000:03:00.0: PME# supported from D1 D2 D3hot
[    0.217911] pci 0000:03:00.0: System wakeup disabled by ACPI
[    0.219620] pci 0000:00:1c.1: PCI bridge to [bus 03]
[    0.219626] pci 0000:00:1c.1:   bridge window [mem 0xf7a00000-0xf7afffff]
[    0.219709] pci 0000:04:00.0: [8086:08b1] type 00 class 0x028000
[    0.219742] pci 0000:04:00.0: reg 0x10: [mem 0xf7900000-0xf7901fff 64bit]
[    0.219905] pci 0000:04:00.0: PME# supported from D0 D3hot D3cold
[    0.219935] pci 0000:04:00.0: System wakeup disabled by ACPI
[    0.221631] pci 0000:00:1c.2: PCI bridge to [bus 04]
[    0.221637] pci 0000:00:1c.2:   bridge window [mem 0xf7900000-0xf79fffff]
[    0.221711] pci 0000:05:00.0: [10ec:5289] type 00 class 0xff0000
[    0.221727] pci 0000:05:00.0: reg 0x10: [mem 0xf7800000-0xf780ffff]
[    0.221852] pci 0000:05:00.0: supports D1 D2
[    0.221853] pci 0000:05:00.0: PME# supported from D1 D2 D3hot D3cold
[    0.221880] pci 0000:05:00.0: System wakeup disabled by ACPI
[    0.221930] pci 0000:05:00.2: [10ec:8168] type 00 class 0x020000
[    0.221946] pci 0000:05:00.2: reg 0x10: [io  0xd000-0xd0ff]
[    0.221974] pci 0000:05:00.2: reg 0x18: [mem 0xf2104000-0xf2104fff 64bit pref]
[    0.221992] pci 0000:05:00.2: reg 0x20: [mem 0xf2100000-0xf2103fff 64bit pref]
[    0.222065] pci 0000:05:00.2: supports D1 D2
[    0.222067] pci 0000:05:00.2: PME# supported from D0 D1 D2 D3hot D3cold
[    0.222092] pci 0000:05:00.2: System wakeup disabled by ACPI
[    0.223637] pci 0000:00:1c.3: PCI bridge to [bus 05]
[    0.223642] pci 0000:00:1c.3:   bridge window [io  0xd000-0xdfff]
[    0.223644] pci 0000:00:1c.3:   bridge window [mem 0xf7800000-0xf78fffff]
[    0.223649] pci 0000:00:1c.3:   bridge window [mem 0xf2100000-0xf21fffff 64bit pref]
[    0.223678] acpi PNP0A08:00: Disabling ASPM (FADT indicates it is unsupported)
[    0.224347] ACPI: PCI Interrupt Link [LNKA] (IRQs 3 4 5 6 10 *11 12 14 15)
[    0.224388] ACPI: PCI Interrupt Link [LNKB] (IRQs *3 4 5 6 10 11 12 14 15)
[    0.224427] ACPI: PCI Interrupt Link [LNKC] (IRQs 3 *4 5 6 10 11 12 14 15)
[    0.224466] ACPI: PCI Interrupt Link [LNKD] (IRQs 3 4 5 6 *10 11 12 14 15)
[    0.224504] ACPI: PCI Interrupt Link [LNKE] (IRQs 3 4 5 6 10 11 12 14 15) *0, disabled.
[    0.224542] ACPI: PCI Interrupt Link [LNKF] (IRQs 3 4 5 6 10 11 12 14 15) *0, disabled.
[    0.224581] ACPI: PCI Interrupt Link [LNKG] (IRQs 3 4 *5 6 10 11 12 14 15)
[    0.224621] ACPI: PCI Interrupt Link [LNKH] (IRQs 3 4 5 6 10 *11 12 14 15)
[    0.224955] ACPI: Enabled 4 GPEs in block 00 to 3F
[    0.224962] ACPI: \_SB_.PCI0: notify handler is installed
[    0.225013] Found 1 acpi root devices
[    0.225040] ACPI : EC: GPE = 0x17, I/O: command/status = 0x66, data = 0x62
[    0.225128] vgaarb: device added: PCI:0000:00:02.0,decodes=io+mem,owns=io+mem,locks=none
[    0.225133] vgaarb: loaded
[    0.225134] vgaarb: bridge control possible 0000:00:02.0
[    0.225225] SCSI subsystem initialized
[    0.225302] libata version 3.00 loaded.
[    0.225323] ACPI: bus type USB registered
[    0.225369] usbcore: registered new interface driver usbfs
[    0.225390] usbcore: registered new interface driver hub
[    0.225422] usbcore: registered new device driver usb
[    0.225478] Linux video capture interface: v2.00
[    0.225789] wmi: Mapper loaded
[    0.225816] Advanced Linux Sound Architecture Driver Initialized.
[    0.225818] PCI: Using ACPI for IRQ routing
[    0.227125] PCI: pci_cache_line_size set to 64 bytes
[    0.227183] e820: reserve RAM buffer [mem 0x0009d800-0x0009ffff]
[    0.227184] e820: reserve RAM buffer [mem 0xc8cd4000-0xcbffffff]
[    0.227191] e820: reserve RAM buffer [mem 0xc918a000-0xcbffffff]
[    0.227198] e820: reserve RAM buffer [mem 0xc92a5000-0xcbffffff]
[    0.227205] e820: reserve RAM buffer [mem 0xc9963000-0xcbffffff]
[    0.227211] e820: reserve RAM buffer [mem 0xca165000-0xcbffffff]
[    0.227218] e820: reserve RAM buffer [mem 0xcb917000-0xcbffffff]
[    0.227224] e820: reserve RAM buffer [mem 0xcb953000-0xcbffffff]
[    0.227230] e820: reserve RAM buffer [mem 0xcb96d000-0xcbffffff]
[    0.227236] e820: reserve RAM buffer [mem 0xcb97a000-0xcbffffff]
[    0.227242] e820: reserve RAM buffer [mem 0xcb99a000-0xcbffffff]
[    0.227247] e820: reserve RAM buffer [mem 0xcb9db000-0xcbffffff]
[    0.227253] e820: reserve RAM buffer [mem 0xcbc66000-0xcbffffff]
[    0.227258] e820: reserve RAM buffer [mem 0xcbca0000-0xcbffffff]
[    0.227263] e820: reserve RAM buffer [mem 0xcbd7d000-0xcbffffff]
[    0.227268] e820: reserve RAM buffer [mem 0xcbd81000-0xcbffffff]
[    0.227273] e820: reserve RAM buffer [mem 0xcbda4000-0xcbffffff]
[    0.227277] e820: reserve RAM buffer [mem 0xcbdb7000-0xcbffffff]
[    0.227281] e820: reserve RAM buffer [mem 0xcbe00000-0xcbffffff]
[    0.227285] e820: reserve RAM buffer [mem 0xcbe24000-0xcbffffff]
[    0.227289] e820: reserve RAM buffer [mem 0xcbe59000-0xcbffffff]
[    0.227292] e820: reserve RAM buffer [mem 0xcbe79000-0xcbffffff]
[    0.227295] e820: reserve RAM buffer [mem 0xcbf0f000-0xcbffffff]
[    0.227298] e820: reserve RAM buffer [mem 0x42fe00000-0x42fffffff]
[    0.227421] Bluetooth: Core ver 2.17
[    0.227449] NET: Registered protocol family 31
[    0.227451] Bluetooth: HCI device and connection manager initialized
[    0.227453] Bluetooth: HCI socket layer initialized
[    0.227455] Bluetooth: L2CAP socket layer initialized
[    0.227458] Bluetooth: SCO socket layer initialized
[    0.227529] cfg80211: Calling CRDA to update world regulatory domain
[    0.227618] NetLabel: Initializing
[    0.227621] NetLabel:  domain hash size = 128
[    0.227622] NetLabel:  protocols = UNLABELED CIPSOv4
[    0.227644] NetLabel:  unlabeled traffic allowed by default
[    0.227727] hpet0: at MMIO 0xfed00000, IRQs 2, 8, 0, 0, 0, 0, 0, 0
[    0.227733] hpet0: 8 comparators, 64-bit 14.318180 MHz counter
[    0.229756] Switched to clocksource hpet
[    0.234549] pnp: PnP ACPI init
[    0.234554] ACPI: bus type PNP registered
[    0.234617] system 00:00: [mem 0xfed40000-0xfed44fff] has been reserved
[    0.234621] system 00:00: Plug and Play ACPI device, IDs PNP0c01 (active)
[    0.234705] pnp 00:01: [dma 4]
[    0.234732] pnp 00:01: Plug and Play ACPI device, IDs PNP0200 (active)
[    0.234768] pnp 00:02: Plug and Play ACPI device, IDs INT0800 (active)
[    0.234846] pnp 00:03: Plug and Play ACPI device, IDs PNP0103 (active)
[    0.234893] pnp 00:04: Plug and Play ACPI device, IDs PNP0c04 (active)
[    0.234982] system 00:05: [io  0x0680-0x069f] has been reserved
[    0.234985] system 00:05: [io  0xffff] has been reserved
[    0.234988] system 00:05: [io  0xffff] has been reserved
[    0.234990] system 00:05: [io  0xffff] has been reserved
[    0.234992] system 00:05: [io  0x1c00-0x1cfe] has been reserved
[    0.234994] system 00:05: [io  0x1d00-0x1dfe] has been reserved
[    0.234995] system 00:05: [io  0x1e00-0x1efe] has been reserved
[    0.234997] system 00:05: [io  0x1f00-0x1ffe] has been reserved
[    0.234999] system 00:05: [io  0x1800-0x18fe] could not be reserved
[    0.235001] system 00:05: [io  0x164e-0x164f] has been reserved
[    0.235003] system 00:05: [io  0x3322-0x3323] has been reserved
[    0.235005] system 00:05: Plug and Play ACPI device, IDs PNP0c02 (active)
[    0.235038] pnp 00:06: Plug and Play ACPI device, IDs PNP0b00 (active)
[    0.235082] system 00:07: [io  0x1854-0x1857] has been reserved
[    0.235085] system 00:07: Plug and Play ACPI device, IDs INT3f0d PNP0c02 (active)
[    0.235124] pnp 00:08: Plug and Play ACPI device, IDs PNP0303 (active)
[    0.235192] pnp 00:09: Plug and Play ACPI device, IDs SYN1212 PNP0f13 (active)
[    0.235238] system 00:0a: [io  0x04d0-0x04d1] has been reserved
[    0.235241] system 00:0a: Plug and Play ACPI device, IDs PNP0c02 (active)
[    0.235456] system 00:0b: [mem 0xfed1c000-0xfed1ffff] has been reserved
[    0.235458] system 00:0b: [mem 0xfed10000-0xfed17fff] has been reserved
[    0.235460] system 00:0b: [mem 0xfed18000-0xfed18fff] has been reserved
[    0.235462] system 00:0b: [mem 0xfed19000-0xfed19fff] has been reserved
[    0.235465] system 00:0b: [mem 0xf8000000-0xfbffffff] has been reserved
[    0.235467] system 00:0b: [mem 0xfed20000-0xfed3ffff] has been reserved
[    0.235469] system 00:0b: [mem 0xfed90000-0xfed93fff] has been reserved
[    0.235471] system 00:0b: [mem 0xfed45000-0xfed8ffff] has been reserved
[    0.235473] system 00:0b: [mem 0xff000000-0xffffffff] has been reserved
[    0.235475] system 00:0b: [mem 0xfee00000-0xfeefffff] could not be reserved
[    0.235477] system 00:0b: [mem 0xf7ffe000-0xf7ffefff] has been reserved
[    0.235479] system 00:0b: [mem 0xf7fe0000-0xf7fe0fff] has been reserved
[    0.235482] system 00:0b: Plug and Play ACPI device, IDs PNP0c02 (active)
[    0.235612] pnp: PnP ACPI: found 12 devices
[    0.235613] ACPI: bus type PNP unregistered
[    0.240230] pci 0000:00:01.0: PCI bridge to [bus 01]
[    0.240233] pci 0000:00:01.0:   bridge window [io  0xe000-0xefff]
[    0.240236] pci 0000:00:01.0:   bridge window [mem 0xf6000000-0xf70fffff]
[    0.240239] pci 0000:00:01.0:   bridge window [mem 0xe0000000-0xf1ffffff 64bit pref]
[    0.240243] pci 0000:00:1c.0: PCI bridge to [bus 02]
[    0.240252] pci 0000:00:1c.1: PCI bridge to [bus 03]
[    0.240256] pci 0000:00:1c.1:   bridge window [mem 0xf7a00000-0xf7afffff]
[    0.240262] pci 0000:00:1c.2: PCI bridge to [bus 04]
[    0.240266] pci 0000:00:1c.2:   bridge window [mem 0xf7900000-0xf79fffff]
[    0.240273] pci 0000:00:1c.3: PCI bridge to [bus 05]
[    0.240275] pci 0000:00:1c.3:   bridge window [io  0xd000-0xdfff]
[    0.240279] pci 0000:00:1c.3:   bridge window [mem 0xf7800000-0xf78fffff]
[    0.240283] pci 0000:00:1c.3:   bridge window [mem 0xf2100000-0xf21fffff 64bit pref]
[    0.240288] pci_bus 0000:00: resource 4 [io  0x0000-0x0cf7]
[    0.240289] pci_bus 0000:00: resource 5 [io  0x0d00-0xffff]
[    0.240291] pci_bus 0000:00: resource 6 [mem 0x000a0000-0x000bffff]
[    0.240291] pci_bus 0000:00: resource 7 [mem 0x000d0000-0x000d3fff]
[    0.240292] pci_bus 0000:00: resource 8 [mem 0x000d4000-0x000d7fff]
[    0.240293] pci_bus 0000:00: resource 9 [mem 0x000d8000-0x000dbfff]
[    0.240294] pci_bus 0000:00: resource 10 [mem 0x000dc000-0x000dffff]
[    0.240295] pci_bus 0000:00: resource 11 [mem 0x000e0000-0x000e3fff]
[    0.240296] pci_bus 0000:00: resource 12 [mem 0x000e4000-0x000e7fff]
[    0.240297] pci_bus 0000:00: resource 13 [mem 0xcf200000-0xfeafffff]
[    0.240298] pci_bus 0000:01: resource 0 [io  0xe000-0xefff]
[    0.240299] pci_bus 0000:01: resource 1 [mem 0xf6000000-0xf70fffff]
[    0.240300] pci_bus 0000:01: resource 2 [mem 0xe0000000-0xf1ffffff 64bit pref]
[    0.240302] pci_bus 0000:03: resource 1 [mem 0xf7a00000-0xf7afffff]
[    0.240303] pci_bus 0000:04: resource 1 [mem 0xf7900000-0xf79fffff]
[    0.240304] pci_bus 0000:05: resource 0 [io  0xd000-0xdfff]
[    0.240305] pci_bus 0000:05: resource 1 [mem 0xf7800000-0xf78fffff]
[    0.240306] pci_bus 0000:05: resource 2 [mem 0xf2100000-0xf21fffff 64bit pref]
[    0.240328] NET: Registered protocol family 2
[    0.240448] TCP established hash table entries: 131072 (order: 8, 1048576 bytes)
[    0.240585] TCP bind hash table entries: 65536 (order: 8, 1048576 bytes)
[    0.240687] TCP: Hash tables configured (established 131072 bind 65536)
[    0.240702] TCP: reno registered
[    0.240715] UDP hash table entries: 8192 (order: 6, 262144 bytes)
[    0.240754] UDP-Lite hash table entries: 8192 (order: 6, 262144 bytes)
[    0.240825] NET: Registered protocol family 1
[    0.240875] RPC: Registered named UNIX socket transport module.
[    0.240877] RPC: Registered udp transport module.
[    0.240878] RPC: Registered tcp transport module.
[    0.240879] RPC: Registered tcp NFSv4.1 backchannel transport module.
[    0.240885] pci 0000:00:02.0: Boot video device
[    0.241193] PCI: CLS 64 bytes, default 64
[    0.241216] Unpacking initramfs...
[    0.484494] Freeing initrd memory: 3184K (ffff8800379b8000 - ffff880037cd4000)
[    0.484500] PCI-DMA: Using software bounce buffering for IO (SWIOTLB)
[    0.484503] software IO TLB [mem 0xc4cd4000-0xc8cd4000] (64MB) mapped at [ffff8800c4cd4000-ffff8800c8cd3fff]
[    0.485344] microcode: CPU0 sig=0x306c3, pf=0x10, revision=0x12
[    0.485351] microcode: CPU1 sig=0x306c3, pf=0x10, revision=0x12
[    0.485359] microcode: CPU2 sig=0x306c3, pf=0x10, revision=0x12
[    0.485364] microcode: CPU3 sig=0x306c3, pf=0x10, revision=0x12
[    0.485371] microcode: CPU4 sig=0x306c3, pf=0x10, revision=0x12
[    0.485377] microcode: CPU5 sig=0x306c3, pf=0x10, revision=0x12
[    0.485384] microcode: CPU6 sig=0x306c3, pf=0x10, revision=0x12
[    0.485391] microcode: CPU7 sig=0x306c3, pf=0x10, revision=0x12
[    0.485430] microcode: Microcode Update Driver: v2.00 <tigran@aivazian.fsnet.co.uk>, Peter Oruba
[    0.485433] Scanning for low memory corruption every 60 seconds
[    0.485754] sha1_ssse3: Using AVX optimized SHA-1 implementation
[    0.485784] sha256_ssse3: Using AVX2 optimized SHA-256 implementation
[    0.485826] sha512_ssse3: Using AVX2 optimized SHA-512 implementation
[    0.486329] audit: initializing netlink socket (disabled)
[    0.486343] type=2000 audit(1391477329.462:1): initialized
[    0.502105] HugeTLB registered 2 MB page size, pre-allocated 0 pages
[    0.504562] VFS: Disk quotas dquot_6.5.2
[    0.504614] Dquot-cache hash table entries: 512 (order 0, 4096 bytes)
[    0.505405] NFS: Registering the id_resolver key type
[    0.505414] Key type id_resolver registered
[    0.505416] Key type id_legacy registered
[    0.505472] msgmni has been set to 31939
[    0.505536] SELinux:  Registering netfilter hooks
[    0.506330] Block layer SCSI generic (bsg) driver version 0.4 loaded (major 253)
[    0.506334] io scheduler noop registered (default)
[    0.506480] pcieport 0000:00:01.0: irq 40 for MSI/MSI-X
[    0.506875] pci_hotplug: PCI Hot Plug PCI Core version: 0.5
[    0.506928] Serial: 8250/16550 driver, 4 ports, IRQ sharing enabled
[    0.507485] Non-volatile memory driver v1.3
[    0.507488] Linux agpgart interface v0.103
[    0.507664] intel_idle: MWAIT substates: 0x42120
[    0.507665] intel_idle: v0.4 model 0x3C
[    0.507666] intel_idle: lapic_timer_reliable_states 0xffffffff
[    0.507858] ACPI: AC Adapter [AC] (on-line)
[    0.507969] input: Power Button as /devices/LNXSYSTM:00/device:00/PNP0C0C:00/input/input0
[    0.507975] ACPI: Power Button [PWRB]
[    0.508029] input: Sleep Button as /devices/LNXSYSTM:00/device:00/PNP0C0E:00/input/input1
[    0.508033] ACPI: Sleep Button [SLPB]
[    0.508079] input: Lid Switch as /devices/LNXSYSTM:00/device:00/PNP0C0D:00/input/input2
[    0.508101] ACPI: Lid Switch [LID0]
[    0.508149] input: Power Button as /devices/LNXSYSTM:00/LNXPWRBN:00/input/input3
[    0.508152] ACPI: Power Button [PWRF]
[    0.508657] thermal LNXTHERM:00: registered as thermal_zone0
[    0.508660] ACPI: Thermal Zone [TZ0] (14 C)
[    0.508772] [drm] Initialized drm 1.1.0 20060810
[    0.509122] ACPI: Battery Slot [BAT0] (battery present)
[    0.510411] [drm] Memory usable by graphics device = 2048M
[    0.575210] i915 0000:00:02.0: irq 41 for MSI/MSI-X
[    0.575217] [drm] Supports vblank timestamp caching Rev 2 (21.10.2013).
[    0.575219] [drm] Driver supports precise vblank timestamp query.
[    0.575274] vgaarb: device changed decodes: PCI:0000:00:02.0,olddecodes=io+mem,decodes=io+mem:owns=io+mem
[    0.682893] [drm] Got external EDID base block and 0 extensions from "edid/1920x1080_clevo_W670SR.bin" for connector "eDP-1"
[    0.695557] fbcon: inteldrmfb (fb0) is primary device
[    1.486788] tsc: Refined TSC clocksource calibration: 2394.455 MHz
[    1.731067] [drm] Enabling RC6 states: RC6 on, RC6p off, RC6pp off
[    2.329713] Console: switching to colour frame buffer device 240x67
[    2.335764] i915 0000:00:02.0: fb0: inteldrmfb frame buffer device
[    2.335794] i915 0000:00:02.0: registered panic notifier
[    2.335858] [Firmware Bug]: ACPI(PEGP) defines _DOD but not _DOS
[    2.335902] ACPI: Video Device [PEGP] (multi-head: yes  rom: yes  post: no)
[    2.335989] input: Video Bus as /devices/LNXSYSTM:00/device:00/PNP0A08:00/device:48/LNXVIDEO:00/input/input4
[    2.336076] ACPI: Video Device [GFX0] (multi-head: yes  rom: no  post: no)
[    2.336497] acpi device:4e: registered as cooling_device8
[    2.336630] input: Video Bus as /devices/LNXSYSTM:00/device:00/PNP0A08:00/LNXVIDEO:01/input/input5
[    2.336719] [drm] Initialized i915 1.6.0 20080730 for 0000:00:02.0 on minor 0
[    2.337516] loop: module loaded
[    2.337686] ahci 0000:00:1f.2: version 3.0
[    2.337754] ahci 0000:00:1f.2: irq 42 for MSI/MSI-X
[    2.337774] ahci 0000:00:1f.2: SSS flag set, parallel bus scan disabled
[    2.337813] ahci 0000:00:1f.2: AHCI 0001.0300 32 slots 4 ports 6 Gbps 0x25 impl SATA mode
[    2.337837] ahci 0000:00:1f.2: flags: 64bit ncq stag led clo pio slum part ems sxs apst 
[    2.342051] scsi0 : ahci
[    2.342140] scsi1 : ahci
[    2.342221] scsi2 : ahci
[    2.342302] scsi3 : ahci
[    2.342382] scsi4 : ahci
[    2.342474] scsi5 : ahci
[    2.342539] ata1: SATA max UDMA/133 abar m2048@0xf7b1a000 port 0xf7b1a100 irq 42
[    2.342561] ata2: DUMMY
[    2.342570] ata3: SATA max UDMA/133 abar m2048@0xf7b1a000 port 0xf7b1a200 irq 42
[    2.342590] ata4: DUMMY
[    2.342599] ata5: DUMMY
[    2.342608] ata6: SATA max UDMA/133 abar m2048@0xf7b1a000 port 0xf7b1a380 irq 42
[    2.343040] tun: Universal TUN/TAP device driver, 1.6
[    2.343066] tun: (C) 1999-2004 Max Krasnyansky <maxk@qualcomm.com>
[    2.343140] r8169 Gigabit Ethernet driver 2.3LK-NAPI loaded
[    2.343172] r8169 0000:05:00.2: can't disable ASPM; OS doesn't have ASPM control
[    2.343403] r8169 0000:05:00.2: irq 43 for MSI/MSI-X
[    2.343564] r8169 0000:05:00.2 eth0: RTL8411 at 0xffffc90001844000, 00:90:f5:ed:2a:b8, XID 08800800 IRQ 43
[    2.343592] r8169 0000:05:00.2 eth0: jumbo features [frames: 9200 bytes, tx checksumming: ko]
[    2.343755] ehci_hcd: USB 2.0 'Enhanced' Host Controller (EHCI) Driver
[    2.343774] ehci-pci: EHCI PCI platform driver
[    2.343847] ehci-pci 0000:00:1a.0: EHCI Host Controller
[    2.344744] ehci-pci 0000:00:1a.0: new USB bus registered, assigned bus number 1
[    2.345581] ehci-pci 0000:00:1a.0: debug port 2
[    2.350288] ehci-pci 0000:00:1a.0: cache line size of 64 is not supported
[    2.350300] ehci-pci 0000:00:1a.0: irq 16, io mem 0xf7b1c000
[    2.356486] ehci-pci 0000:00:1a.0: USB 2.0 started, EHCI 1.00
[    2.357576] usb usb1: New USB device found, idVendor=1d6b, idProduct=0002
[    2.358585] usb usb1: New USB device strings: Mfr=3, Product=2, SerialNumber=1
[    2.359360] usb usb1: Product: EHCI Host Controller
[    2.360154] usb usb1: Manufacturer: Linux 3.13.1-gentoo ehci_hcd
[    2.360920] usb usb1: SerialNumber: 0000:00:1a.0
[    2.361851] hub 1-0:1.0: USB hub found
[    2.362642] hub 1-0:1.0: 2 ports detected
[    2.363495] ehci-pci 0000:00:1d.0: EHCI Host Controller
[    2.364377] ehci-pci 0000:00:1d.0: new USB bus registered, assigned bus number 2
[    2.365140] ehci-pci 0000:00:1d.0: debug port 2
[    2.369774] ehci-pci 0000:00:1d.0: cache line size of 64 is not supported
[    2.369783] ehci-pci 0000:00:1d.0: irq 23, io mem 0xf7b1b000
[    2.376496] ehci-pci 0000:00:1d.0: USB 2.0 started, EHCI 1.00
[    2.377544] usb usb2: New USB device found, idVendor=1d6b, idProduct=0002
[    2.378330] usb usb2: New USB device strings: Mfr=3, Product=2, SerialNumber=1
[    2.379078] usb usb2: Product: EHCI Host Controller
[    2.379801] usb usb2: Manufacturer: Linux 3.13.1-gentoo ehci_hcd
[    2.380523] usb usb2: SerialNumber: 0000:00:1d.0
[    2.381466] hub 2-0:1.0: USB hub found
[    2.382207] hub 2-0:1.0: 2 ports detected
[    2.383074] ohci_hcd: USB 1.1 'Open' Host Controller (OHCI) Driver
[    2.383802] ohci-pci: OHCI PCI platform driver
[    2.384604] uhci_hcd: USB Universal Host Controller Interface driver
[    2.385480] xhci_hcd 0000:00:14.0: xHCI Host Controller
[    2.386289] xhci_hcd 0000:00:14.0: new USB bus registered, assigned bus number 3
[    2.387088] xhci_hcd 0000:00:14.0: cache line size of 64 is not supported
[    2.387099] xhci_hcd 0000:00:14.0: irq 44 for MSI/MSI-X
[    2.387135] usb usb3: New USB device found, idVendor=1d6b, idProduct=0002
[    2.387855] usb usb3: New USB device strings: Mfr=3, Product=2, SerialNumber=1
[    2.388572] usb usb3: Product: xHCI Host Controller
[    2.389260] usb usb3: Manufacturer: Linux 3.13.1-gentoo xhci_hcd
[    2.389963] usb usb3: SerialNumber: 0000:00:14.0
[    2.390990] hub 3-0:1.0: USB hub found
[    2.391701] hub 3-0:1.0: 14 ports detected
[    2.393702] xhci_hcd 0000:00:14.0: xHCI Host Controller
[    2.394485] xhci_hcd 0000:00:14.0: new USB bus registered, assigned bus number 4
[    2.395198] usb usb4: New USB device found, idVendor=1d6b, idProduct=0003
[    2.395864] usb usb4: New USB device strings: Mfr=3, Product=2, SerialNumber=1
[    2.396517] usb usb4: Product: xHCI Host Controller
[    2.397162] usb usb4: Manufacturer: Linux 3.13.1-gentoo xhci_hcd
[    2.397817] usb usb4: SerialNumber: 0000:00:14.0
[    2.398902] hub 4-0:1.0: USB hub found
[    2.399711] hub 4-0:1.0: 4 ports detected
[    2.407913] usbcore: registered new interface driver usb-storage
[    2.409170] i8042: PNP: PS/2 Controller [PNP0303:PS2K,PNP0f13:SYNM] at 0x60,0x64 irq 1,12
[    2.414380] i8042: Detected active multiplexing controller, rev 1.1
[    2.417187] serio: i8042 KBD port at 0x60,0x64 irq 1
[    2.417885] serio: i8042 AUX0 port at 0x60,0x64 irq 12
[    2.418598] serio: i8042 AUX1 port at 0x60,0x64 irq 12
[    2.419323] serio: i8042 AUX2 port at 0x60,0x64 irq 12
[    2.420075] serio: i8042 AUX3 port at 0x60,0x64 irq 12
[    2.421308] mousedev: PS/2 mouse device common for all mice
[    2.423544] rtc_cmos 00:06: RTC can wake from S4
[    2.424643] rtc_cmos 00:06: rtc core: registered rtc_cmos as rtc0
[    2.425422] rtc_cmos 00:06: alarms up to one month, y3k, 242 bytes nvram, hpet irqs
[    2.426311] ACPI Warning: 0x000000000000f040-0x000000000000f05f SystemIO conflicts with Region \_SB_.PCI0.SBUS.SMBI 1 (20131115/utaddress-251)
[    2.427017] ACPI: If an ACPI driver is available for this device, you should use it instead of the native driver
[    2.428150] device-mapper: ioctl: 4.27.0-ioctl (2013-10-30) initialised: dm-devel@redhat.com
[    2.428989] input: AT Translated Set 2 keyboard as /devices/platform/i8042/serio0/input/input6
[    2.429230] hidraw: raw HID events driver (C) Jiri Kosina
[    2.429776] usbcore: registered new interface driver usbhid
[    2.429777] usbhid: USB HID core driver
[    2.430174] snd_hda_intel 0000:00:1b.0: irq 45 for MSI/MSI-X
[    2.431566] snd_hda_intel 0000:00:03.0: irq 46 for MSI/MSI-X
[    2.443661] Netfilter messages via NETLINK v0.30.
[    2.444430] nf_conntrack version 0.5.0 (16384 buckets, 65536 max)
[    2.445311] ctnetlink v0.93: registering with nfnetlink.
[    2.446255] ip_tables: (C) 2000-2006 Netfilter Core Team
[    2.446998] TCP: cubic registered
[    2.447719] Initializing XFRM netlink socket
[    2.448575] NET: Registered protocol family 10
[    2.449413] ip6_tables: (C) 2000-2006 Netfilter Core Team
[    2.450622] sit: IPv6 over IPv4 tunneling driver
[    2.451475] NET: Registered protocol family 17
[    2.452214] Key type dns_resolver registered
[    2.453346] registered taskstats version 1
[    2.454804]   Magic number: 2:303:457
[    2.455569] console [netcon0] enabled
[    2.456289] netconsole: network logging started
[    2.457779] PM: Checking hibernation image partition /dev/sda3
[    2.487838] Switched to clocksource tsc
[    2.648781] ata1: SATA link up 1.5 Gbps (SStatus 113 SControl 300)
[    2.664827] usb 1-1: new high-speed USB device number 2 using ehci-pci
[    2.665124] ata1.00: ATAPI: MATSHITA DVD-RAM UJ8D1, 1.00, max UDMA/100
[    2.678123] ata1.00: configured for UDMA/100
[    2.689886] scsi 0:0:0:0: CD-ROM            MATSHITA DVD-RAM UJ8D1    1.00 PQ: 0 ANSI: 5
[    2.698341] sr0: scsi3-mmc drive: 24x/24x writer dvd-ram cd/rw xa/form2 cdda tray
[    2.699558] cdrom: Uniform CD-ROM driver Revision: 3.20
[    2.701053] sr 0:0:0:0: Attached scsi CD-ROM sr0
[    2.701172] sr 0:0:0:0: Attached scsi generic sg0 type 5
[    2.781318] usb 1-1: New USB device found, idVendor=8087, idProduct=8008
[    2.782348] usb 1-1: New USB device strings: Mfr=0, Product=0, SerialNumber=0
[    2.783715] hub 1-1:1.0: USB hub found
[    2.784527] hub 1-1:1.0: 6 ports detected
[    2.887976] usb 2-1: new high-speed USB device number 2 using ehci-pci
[    3.003498] usb 2-1: New USB device found, idVendor=8087, idProduct=8000
[    3.004517] usb 2-1: New USB device strings: Mfr=0, Product=0, SerialNumber=0
[    3.005870] hub 2-1:1.0: USB hub found
[    3.006704] hub 2-1:1.0: 8 ports detected
[    3.007012] ata3: SATA link down (SStatus 0 SControl 300)
[    3.162182] usb 3-3: new low-speed USB device number 2 using xhci_hcd
[    3.189622] usb 3-3: New USB device found, idVendor=045e, idProduct=0040
[    3.190826] usb 3-3: New USB device strings: Mfr=1, Product=2, SerialNumber=0
[    3.192028] usb 3-3: Product: Microsoft Wheel Mouse Optical
[    3.193223] usb 3-3: Manufacturer: Microsoft
[    3.194585] usb 3-3: ep 0x81 - rounding interval to 64 microframes, ep desc says 80 microframes
[    3.202597] input: Microsoft Microsoft Wheel Mouse Optical as /devices/pci0000:00/0000:00:14.0/usb3/3-3/3-3:1.0/input/input13
[    3.204162] hid-generic 0003:045E:0040.0001: input,hidraw0: USB HID v1.00 Mouse [Microsoft Microsoft Wheel Mouse Optical] on usb-0000:00:14.0-3/input0
[    3.312275] ata6: SATA link up 3.0 Gbps (SStatus 123 SControl 300)
[    3.331889] ata6.00: ACPI cmd ef/10:06:00:00:00:00 (SET FEATURES) succeeded
[    3.331892] ata6.00: ACPI cmd f5/00:00:00:00:00:00 (SECURITY FREEZE LOCK) filtered out
[    3.333209] ata6.00: ACPI cmd b1/c1:00:00:00:00:00 (DEVICE CONFIGURATION OVERLAY) filtered out
[    3.341001] ata6.00: ATA-8: ST9750420AS, 0002SDM1, max UDMA/133
[    3.342304] ata6.00: 1465149168 sectors, multi 16: LBA48 NCQ (depth 31/32)
[    3.358355] usb 3-7: new full-speed USB device number 3 using xhci_hcd
[    3.371720] usb 3-7: New USB device found, idVendor=8087, idProduct=07dc
[    3.372507] ata6.00: ACPI cmd ef/10:06:00:00:00:00 (SET FEATURES) succeeded
[    3.372510] ata6.00: ACPI cmd f5/00:00:00:00:00:00 (SECURITY FREEZE LOCK) filtered out
[    3.372513] ata6.00: ACPI cmd b1/c1:00:00:00:00:00 (DEVICE CONFIGURATION OVERLAY) filtered out
[    3.373153] ata6.00: configured for UDMA/133
[    3.373286] scsi 5:0:0:0: Direct-Access     ATA      ST9750420AS      0002 PQ: 0 ANSI: 5
[    3.373745] sd 5:0:0:0: [sda] 1465149168 512-byte logical blocks: (750 GB/698 GiB)
[    3.373746] sd 5:0:0:0: [sda] 4096-byte physical blocks
[    3.373839] sd 5:0:0:0: [sda] Write Protect is off
[    3.373840] sd 5:0:0:0: [sda] Mode Sense: 00 3a 00 00
[    3.373841] sd 5:0:0:0: Attached scsi generic sg1 type 0
[    3.373861] sd 5:0:0:0: [sda] Write cache: enabled, read cache: enabled, doesn't support DPO or FUA
[    3.380854] usb 3-7: New USB device strings: Mfr=0, Product=0, SerialNumber=0
[    3.425082]  sda: sda1 sda2 sda3 sda4
[    3.427053] sd 5:0:0:0: [sda] Attached SCSI disk
[    3.735666] usb 3-8: new high-speed USB device number 5 using xhci_hcd
[    3.807613] usb 3-8: New USB device found, idVendor=5986, idProduct=0400
[    3.808935] usb 3-8: New USB device strings: Mfr=1, Product=2, SerialNumber=0
[    3.810250] usb 3-8: Product: BisonCam, NB Pro
[    3.811558] usb 3-8: Manufacturer: Bison
[    3.875549] psmouse serio2: synaptics: Touchpad model: 1, fw: 8.1, id: 0x1e2b1, caps: 0xd00123/0x840300/0x126c00, board id: 2439, fw id: 1215751
[    3.914655] input: SynPS/2 Synaptics TouchPad as /devices/platform/i8042/serio2/input/input12
[    3.961055] PM: Hibernation image partition 8:3 present
[    3.961057] PM: Looking for hibernation image.
[    4.025192] PM: Image not found (code -22)
[    4.025195] PM: Hibernation image not present or could not be loaded.
[    4.025197] ALSA device list:
[    4.026378]   #0: HDA Intel HDMI at 0xf7b14000 irq 46
[    4.027316]   #1: HDA Intel PCH at 0xf7b10000 irq 45
[    4.028562] Freeing unused kernel memory: 1056K (ffffffff81edf000 - ffffffff81fe7000)
[    4.029410] Write protecting the kernel read-only data: 14336k
[    4.032657] Freeing unused kernel memory: 1852K (ffff880001831000 - ffff880001a00000)
[    4.035007] Freeing unused kernel memory: 1404K (ffff880001ca1000 - ffff880001e00000)
[    4.114200] busybox (1556) used greatest stack depth: 5672 bytes left
[    4.208013] systemd-udevd[2248]: starting version 204
[    4.226284] udevadm (2249) used greatest stack depth: 5520 bytes left
[    4.237608] ata_id (2500) used greatest stack depth: 5000 bytes left
[    4.546769] random: nonblocking pool is initialized
[    4.857851] SPL: Loaded module v0.6.2-23_g4c99541
[    4.858722] znvpair: module license 'CDDL' taints kernel.
[    4.859546] Disabling lock debugging due to kernel taint
[    4.897761] ZFS: Loaded module v0.6.2-170_g8b46464, ZFS pool version 5000, ZFS filesystem version 5
[    5.134723] SPL: using hostid 0x00000000
[    7.875443] zpool (3692) used greatest stack depth: 2760 bytes left
[   12.518041] systemd-udevd[4389]: starting version 204
[   13.758138] usbcore: registered new interface driver btusb
[   13.762748] systemd-udevd[4415]: renamed network interface eth0 to enp5s0f2
[   13.771298] Bluetooth: hci0: read Intel version: 370710018002030d00
[   13.781161] Intel(R) Wireless WiFi driver for Linux, in-tree:
[   13.781163] Copyright(c) 2003-2013 Intel Corporation
[   13.781312] iwlwifi 0000:04:00.0: irq 47 for MSI/MSI-X
[   14.027173] [drm] Initialized nvidia-drm 0.0.0 20130102 for 0000:01:00.0 on minor 1
[   14.027178] NVRM: loading NVIDIA UNIX x86_64 Kernel Module  331.38  Wed Jan  8 19:32:30 PST 2014
[   14.161165] Bluetooth: hci0: Intel Bluetooth firmware file: intel/ibt-hw-37.7.10-fw-1.80.2.3.d.bseq
[   14.293843] iwlwifi 0000:04:00.0: loaded firmware version 22.15.8.0 op_mode iwlmvm
[   14.301768] Bluetooth: hci0: Intel Bluetooth firmware patch completed and activated
[   14.372006] iwlwifi 0000:04:00.0: Detected Intel(R) Wireless N 7260, REV=0x144
[   14.372054] iwlwifi 0000:04:00.0: L1 Disabled; Enabling L0S
[   14.372274] iwlwifi 0000:04:00.0: L1 Disabled; Enabling L0S
[   14.557595] ieee80211 phy0: Selected rate control algorithm 'iwl-mvm-rs'
[   14.564473] systemd-udevd[4411]: renamed network interface wlan0 to wlp4s0
[   14.646484] nvidia 0000:01:00.0: irq 48 for MSI/MSI-X
[   14.654300] ACPI Warning: \_SB_.PCI0.PEG0.PEGP._DSM: Argument #4 type mismatch - Found [Buffer], ACPI requires [Package] (20131115/nsarguments-95)
[   14.654349] ACPI Warning: \_SB_.PCI0.PEG0.PEGP._DSM: Argument #4 type mismatch - Found [Buffer], ACPI requires [Package] (20131115/nsarguments-95)
[   14.654375] ACPI Warning: \_SB_.PCI0.PEG0.PEGP._DSM: Argument #4 type mismatch - Found [Buffer], ACPI requires [Package] (20131115/nsarguments-95)
[   14.654432] ACPI Warning: \_SB_.PCI0.PEG0.PEGP._DSM: Argument #4 type mismatch - Found [Buffer], ACPI requires [Package] (20131115/nsarguments-95)
[   14.654465] ACPI Warning: \_SB_.PCI0.PEG0.PEGP._DSM: Argument #4 type mismatch - Found [Buffer], ACPI requires [Package] (20131115/nsarguments-95)
[   14.654489] ACPI Warning: \_SB_.PCI0.PEG0.PEGP._DSM: Argument #4 type mismatch - Found [Buffer], ACPI requires [Package] (20131115/nsarguments-95)
[   14.654517] ACPI Warning: \_SB_.PCI0.PEG0.PEGP._DSM: Argument #4 type mismatch - Found [Buffer], ACPI requires [Package] (20131115/nsarguments-95)
[   14.654541] ACPI Warning: \_SB_.PCI0.PEG0.PEGP._DSM: Argument #4 type mismatch - Found [Buffer], ACPI requires [Package] (20131115/nsarguments-95)
[   14.830189] uvcvideo: Found UVC 1.00 device BisonCam, NB Pro (5986:0400)
[   14.835404] input: BisonCam, NB Pro as /devices/pci0000:00/0000:00:14.0/usb3/3-8/3-8:1.0/input/input16
[   14.835463] usbcore: registered new interface driver uvcvideo
[   14.835465] USB Video Class driver (1.1.1)
[   15.480113] ACPI Error: Field [TMPB] at 274432 exceeds Buffer [ROM1] size 262144 (bits) (20131115/dsopcode-236)
[   15.480118] ACPI Error: Method parse/execution failed [\_SB_.PCI0.PEG0.PEGP._ROM] (Node ffff88041d4a5cf8), AE_AML_BUFFER_LIMIT (20131115/psparse-536)
[   15.489103] ACPI Warning: \_SB_.PCI0.PEG0.PEGP._DSM: Argument #4 type mismatch - Found [Buffer], ACPI requires [Package] (20131115/nsarguments-95)
[   15.914893] ACPI Warning: \_SB_.PCI0.PEG0.PEGP._DSM: Argument #4 type mismatch - Found [Buffer], ACPI requires [Package] (20131115/nsarguments-95)
[   18.499956] Adding 20971516k swap on /dev/sda3.  Priority:-1 extents:1 across:20971516k 
</pre>}}

{{File|/var/log/Xorg.0.log||<pre>
[    34.381] 
X.Org X Server 1.14.5
Release Date: 2013-12-12
[    34.381] X Protocol Version 11, Revision 0
[    34.381] Build Operating System: Linux 3.10.0-sabayon x86_64 Gentoo
[    34.381] Current Operating System: Linux janette 3.13.1-gentoo #3 SMP Sat Feb 1 21:10:45 EST 2014 x86_64
[    34.381] Kernel command line: BOOT_IMAGE=/kernel-3.13.1-gentoo root=ZFS=/gentoo/root ro dozfs=force root=ZFS=jpool/gentoo/root drm_kms_helper.edid_firmware=edid/1920x1080_clevo_W670SR.bin
[    34.381] Build Date: 28 December 2013  09:19:02AM
[    34.381]  
[    34.381] Current version of pixman: 0.32.4
[    34.382] 	Before reporting problems, check http://wiki.x.org
	to make sure that you have the latest version.
[    34.382] Markers: (--) probed, (**) from config file, (==) default setting,
	(++) from command line, (!!) notice, (II) informational,
	(WW) warning, (EE) error, (NI) not implemented, (??) unknown.
[    34.382] (==) Log file: "/var/log/Xorg.0.log", Time: Tue Feb  4 12:29:23 2014
[    34.413] (==) Using config file: "/etc/X11/xorg.conf"
[    34.413] (==) Using system config directory "/usr/share/X11/xorg.conf.d"
[    34.430] (==) ServerLayout "Layout0"
[    34.430] (**) |-->Screen "Screen0" (0)
[    34.430] (**) |   |-->Monitor "Monitor0"
[    34.430] (**) |   |-->Device "Device0"
[    34.430] (**) |-->Inactive Device "intel"
[    34.430] (**) |-->Input Device "Keyboard0"
[    34.430] (**) |-->Input Device "Mouse0"
[    34.430] (==) Automatically adding devices
[    34.430] (==) Automatically enabling devices
[    34.430] (==) Automatically adding GPU devices
[    34.452] (WW) The directory "/usr/share/fonts/misc/" does not exist.
[    34.452] 	Entry deleted from font path.
[    34.452] (WW) The directory "/usr/share/fonts/TTF/" does not exist.
[    34.452] 	Entry deleted from font path.
[    34.452] (WW) The directory "/usr/share/fonts/OTF/" does not exist.
[    34.452] 	Entry deleted from font path.
[    34.452] (WW) The directory "/usr/share/fonts/Type1/" does not exist.
[    34.452] 	Entry deleted from font path.
[    34.452] (WW) The directory "/usr/share/fonts/100dpi/" does not exist.
[    34.452] 	Entry deleted from font path.
[    34.452] (WW) The directory "/usr/share/fonts/75dpi/" does not exist.
[    34.452] 	Entry deleted from font path.
[    34.452] (==) FontPath set to:
	
[    34.452] (==) ModulePath set to "/usr/lib64/xorg/modules"
[    34.452] (**) Extension "Composite" is enabled
[    34.452] (WW) Hotplugging is on, devices using drivers 'kbd', 'mouse' or 'vmmouse' will be disabled.
[    34.452] (WW) Disabling Keyboard0
[    34.452] (WW) Disabling Mouse0
[    34.452] (II) Loader magic: 0x7febe0
[    34.452] (II) Module ABI versions:
[    34.452] 	X.Org ANSI C Emulation: 0.4
[    34.452] 	X.Org Video Driver: 14.1
[    34.452] 	X.Org XInput driver : 19.1
[    34.452] 	X.Org Server Extension : 7.0
[    34.452] (II) xfree86: Adding drm device (/dev/dri/card1)
[    34.452] (II) xfree86: Adding drm device (/dev/dri/card0)
[    34.453] (--) PCI:*(0:0:2:0) 8086:0416:1558:0650 rev 6, Mem @ 0xf7400000/4194304, 0xd0000000/268435456, I/O @ 0x0000f000/64
[    34.453] (--) PCI: (0:1:0:0) 10de:0fe4:1558:0650 rev 161, Mem @ 0xf6000000/16777216, 0xe0000000/268435456, 0xf0000000/33554432, I/O @ 0x0000e000/128, BIOS @ 0x????????/524288
[    34.453] Initializing built-in extension Generic Event Extension
[    34.453] Initializing built-in extension SHAPE
[    34.453] Initializing built-in extension MIT-SHM
[    34.453] Initializing built-in extension XInputExtension
[    34.453] Initializing built-in extension XTEST
[    34.454] Initializing built-in extension BIG-REQUESTS
[    34.454] Initializing built-in extension SYNC
[    34.454] Initializing built-in extension XKEYBOARD
[    34.454] Initializing built-in extension XC-MISC
[    34.454] Initializing built-in extension XINERAMA
[    34.454] Initializing built-in extension XFIXES
[    34.454] Initializing built-in extension RENDER
[    34.454] Initializing built-in extension RANDR
[    34.454] Initializing built-in extension COMPOSITE
[    34.454] Initializing built-in extension DAMAGE
[    34.454] Initializing built-in extension MIT-SCREEN-SAVER
[    34.454] Initializing built-in extension DOUBLE-BUFFER
[    34.454] Initializing built-in extension RECORD
[    34.454] Initializing built-in extension DPMS
[    34.454] Initializing built-in extension X-Resource
[    34.454] Initializing built-in extension XVideo
[    34.454] Initializing built-in extension XVideo-MotionCompensation
[    34.454] Initializing built-in extension XFree86-VidModeExtension
[    34.454] Initializing built-in extension XFree86-DGA
[    34.454] Initializing built-in extension XFree86-DRI
[    34.454] Initializing built-in extension DRI2
[    34.454] (II) LoadModule: "glx"
[    34.564] (II) Loading /usr/lib64/xorg/modules/extensions/libglx.so
[    34.855] (II) Module glx: vendor="NVIDIA Corporation"
[    34.855] 	compiled for 4.0.2, module version = 1.0.0
[    34.855] 	Module class: X.Org Server Extension
[    34.855] (II) NVIDIA GLX Module  331.38  Wed Jan  8 19:10:17 PST 2014
[    34.856] Loading extension GLX
[    34.856] (II) LoadModule: "nvidia"
[    34.903] (II) Loading /usr/lib64/xorg/modules/drivers/nvidia_drv.so
[    34.964] (II) Module nvidia: vendor="NVIDIA Corporation"
[    34.964] 	compiled for 4.0.2, module version = 1.0.0
[    34.964] 	Module class: X.Org Video Driver
[    34.975] (II) LoadModule: "modesetting"
[    34.975] (II) Loading /usr/lib64/xorg/modules/drivers/modesetting_drv.so
[    34.986] (II) Module modesetting: vendor="X.Org Foundation"
[    34.986] 	compiled for 1.14.4, module version = 0.8.1
[    34.986] 	Module class: X.Org Video Driver
[    34.986] 	ABI class: X.Org Video Driver, version 14.1
[    34.986] (II) NVIDIA dlloader X Driver  331.38  Wed Jan  8 18:51:00 PST 2014
[    34.986] (II) NVIDIA Unified Driver for all Supported NVIDIA GPUs
[    34.987] (II) modesetting: Driver for Modesetting Kernel Drivers: kms
[    34.987] (++) using VT number 1

[    34.988] (II) Loading sub module "fb"
[    34.988] (II) LoadModule: "fb"
[    34.988] (II) Loading /usr/lib64/xorg/modules/libfb.so
[    35.008] (II) Module fb: vendor="X.Org Foundation"
[    35.008] 	compiled for 1.14.5, module version = 1.0.0
[    35.008] 	ABI class: X.Org ANSI C Emulation, version 0.4
[    35.008] (WW) Unresolved symbol: fbGetGCPrivateKey
[    35.008] (II) Loading sub module "wfb"
[    35.008] (II) LoadModule: "wfb"
[    35.008] (II) Loading /usr/lib64/xorg/modules/libwfb.so
[    35.027] (II) Module wfb: vendor="X.Org Foundation"
[    35.027] 	compiled for 1.14.5, module version = 1.0.0
[    35.027] 	ABI class: X.Org ANSI C Emulation, version 0.4
[    35.027] (II) Loading sub module "ramdac"
[    35.027] (II) LoadModule: "ramdac"
[    35.027] (II) Module "ramdac" already built-in
[    35.031] (II) modesetting(1): using drv /dev/dri/card0
[    35.031] (II) modesetting(G0): using drv /dev/dri/card0
[    35.031] (EE) Screen 1 deleted because of no matching config section.
[    35.031] (II) UnloadModule: "modesetting"
[    35.031] (==) NVIDIA(0): Depth 24, (==) framebuffer bpp 32
[    35.031] (==) NVIDIA(0): RGB weight 888
[    35.031] (==) NVIDIA(0): Default visual is TrueColor
[    35.031] (==) NVIDIA(0): Using gamma correction (1.0, 1.0, 1.0)
[    35.032] (**) NVIDIA(0): Option "RenderAccel" "True"
[    35.032] (**) NVIDIA(0): Option "NoRenderExtension" "False"
[    35.032] (**) NVIDIA(0): Option "AllowGLXWithComposite" "True"
[    35.032] (**) NVIDIA(0): Option "AddARGBGLXVisuals" "True"
[    35.032] (**) NVIDIA(0): Option "ModeValidation" "NoVirtualSizeCheck"
[    35.032] (**) NVIDIA(0): Option "DamageEvents" "True"
[    35.032] (**) NVIDIA(0): Option "ConnectToAcpid" "True"
[    35.032] (**) NVIDIA(0): Enabling RENDER acceleration
[    35.032] (**) NVIDIA(0): Option "UseEDID" "True"
[    35.032] (**) NVIDIA(0): Option "ConnectedMonitor" "DFP-0"
[    35.032] (**) NVIDIA(0): Option "CustomEDID" "DFP-0:/lib/firmware/edid/1920x1080_Clevo_W670SR.bin"
[    35.032] (**) NVIDIA(0): Enabling 2D acceleration
[    35.032] (**) NVIDIA(0): ConnectedMonitor string: "DFP-0"
[    35.138] (II) NVIDIA(GPU-0): Found DRM driver nvidia-drm (20130102)
[    35.139] (II) NVIDIA(0): NVIDIA GPU GeForce GT 750M (GK107) at PCI:1:0:0 (GPU-0)
[    35.139] (--) NVIDIA(0): Memory: 2097152 kBytes
[    35.139] (--) NVIDIA(0): VideoBIOS: 80.07.9a.00.3d
[    35.139] (II) NVIDIA(0): Detected PCI Express Link width: 16X
[    35.139] (--) NVIDIA(0): Valid display device(s) on GeForce GT 750M at PCI:1:0:0
[    35.139] (--) NVIDIA(0):     none
[    35.139] (II) NVIDIA(0): Validated MetaModes:
[    35.139] (II) NVIDIA(0):     "NULL"
[    35.139] (II) NVIDIA(0): Virtual screen size determined to be 640 x 480
[    35.139] (WW) NVIDIA(0): Unable to get display device for DPI computation.
[    35.139] (==) NVIDIA(0): DPI set to (75, 75); computed from built-in default
[    35.139] (**) NVIDIA(0): Enabling 32-bit ARGB GLX visuals.
[    35.139] (==) modesetting(G0): Depth 24, (==) framebuffer bpp 32
[    35.139] (==) modesetting(G0): RGB weight 888
[    35.139] (==) modesetting(G0): Default visual is TrueColor
[    35.139] (II) modesetting(G0): ShadowFB: preferred YES, enabled YES
[    35.172] (II) modesetting(G0): Output eDP-1-0 using monitor section Monitor0
[    35.173] (II) modesetting(G0): Output VGA-1-0 has no monitor section
[    35.173] (II) modesetting(G0): Output HDMI-1-0 has no monitor section
[    35.173] (II) modesetting(G0): EDID for output eDP-1-0
[    35.173] (II) modesetting(G0): Manufacturer: CMO  Model: 1720  Serial#: 0
[    35.173] (II) modesetting(G0): Year: 2011  Week: 2
[    35.173] (II) modesetting(G0): EDID Version: 1.3
[    35.173] (II) modesetting(G0): Digital Display Input
[    35.174] (II) modesetting(G0): Max Image Size [cm]: horiz.: 38  vert.: 21
[    35.174] (II) modesetting(G0): Gamma: 2.20
[    35.174] (II) modesetting(G0): No DPMS capabilities specified
[    35.174] (II) modesetting(G0): Supported color encodings: RGB 4:4:4 YCrCb 4:4:4 
[    35.174] (II) modesetting(G0): First detailed timing is preferred mode
[    35.174] (II) modesetting(G0): redX: 0.640 redY: 0.333   greenX: 0.303 greenY: 0.613
[    35.174] (II) modesetting(G0): blueX: 0.154 blueY: 0.060   whiteX: 0.313 whiteY: 0.329
[    35.174] (II) modesetting(G0): Manufacturer's mask: 0
[    35.174] (II) modesetting(G0): Supported detailed timing:
[    35.174] (II) modesetting(G0): clock: 138.7 MHz   Image Size:  382 x 215 mm
[    35.174] (II) modesetting(G0): h_active: 1920  h_sync: 1968  h_sync_end 2000 h_blank_end 2080 h_border: 0
[    35.174] (II) modesetting(G0): v_active: 1080  v_sync: 1083  v_sync_end 1088 v_blanking: 1111 v_border: 0
[    35.174] (II) modesetting(G0):  N173HGE-L11
[    35.174] (II) modesetting(G0):  CMO
[    35.174] (II) modesetting(G0):  N173HGE-L11
[    35.174] (II) modesetting(G0): EDID (in hex):
[    35.174] (II) modesetting(G0): 	00ffffffffffff000daf201700000000
[    35.174] (II) modesetting(G0): 	02150103802615780ad895a3554d9d27
[    35.174] (II) modesetting(G0): 	0f505400000001010101010101010101
[    35.174] (II) modesetting(G0): 	0101010101012e3680a070381f403020
[    35.174] (II) modesetting(G0): 	35007ed710000018000000fe004e3137
[    35.174] (II) modesetting(G0): 	334847452d4c31310a20000000fe0043
[    35.174] (II) modesetting(G0): 	4d4f0a202020202020202020000000fe
[    35.174] (II) modesetting(G0): 	004e3137334847452d4c31310a20006e
[    35.174] (II) modesetting(G0): Printing probed modes for output eDP-1-0
[    35.174] (II) modesetting(G0): Modeline "1920x1080"x60.0  138.70  1920 1968 2000 2080  1080 1083 1088 1111 -hsync -vsync (66.7 kHz UeP)
[    35.174] (II) modesetting(G0): Modeline "1400x1050"x60.0  122.00  1400 1488 1640 1880  1050 1052 1064 1082 +hsync +vsync (64.9 kHz d)
[    35.174] (II) modesetting(G0): Modeline "1280x1024"x60.0  108.00  1280 1328 1440 1688  1024 1025 1028 1066 +hsync +vsync (64.0 kHz d)
[    35.174] (II) modesetting(G0): Modeline "1280x960"x60.0  108.00  1280 1376 1488 1800  960 961 964 1000 +hsync +vsync (60.0 kHz d)
[    35.174] (II) modesetting(G0): Modeline "1024x768"x120.1  133.47  1024 1100 1212 1400  768 768 770 794 doublescan -hsync +vsync (95.3 kHz d)
[    35.174] (II) modesetting(G0): Modeline "1024x768"x60.0   65.00  1024 1048 1184 1344  768 771 777 806 -hsync -vsync (48.4 kHz d)
[    35.174] (II) modesetting(G0): Modeline "960x720"x120.0  117.00  960 1024 1128 1300  720 720 722 750 doublescan -hsync +vsync (90.0 kHz d)
[    35.174] (II) modesetting(G0): Modeline "928x696"x120.1  109.15  928 976 1088 1264  696 696 698 719 doublescan -hsync +vsync (86.4 kHz d)
[    35.174] (II) modesetting(G0): Modeline "896x672"x120.0  102.40  896 960 1060 1224  672 672 674 697 doublescan -hsync +vsync (83.7 kHz d)
[    35.174] (II) modesetting(G0): Modeline "800x600"x120.0   81.00  800 832 928 1080  600 600 602 625 doublescan +hsync +vsync (75.0 kHz d)
[    35.174] (II) modesetting(G0): Modeline "800x600"x60.3   40.00  800 840 968 1056  600 601 605 628 +hsync +vsync (37.9 kHz d)
[    35.174] (II) modesetting(G0): Modeline "800x600"x56.2   36.00  800 824 896 1024  600 601 603 625 +hsync +vsync (35.2 kHz d)
[    35.174] (II) modesetting(G0): Modeline "700x525"x120.0   61.00  700 744 820 940  525 526 532 541 doublescan +hsync +vsync (64.9 kHz d)
[    35.174] (II) modesetting(G0): Modeline "640x512"x120.0   54.00  640 664 720 844  512 512 514 533 doublescan +hsync +vsync (64.0 kHz d)
[    35.174] (II) modesetting(G0): Modeline "640x480"x120.0   54.00  640 688 744 900  480 480 482 500 doublescan +hsync +vsync (60.0 kHz d)
[    35.174] (II) modesetting(G0): Modeline "640x480"x59.9   25.18  640 656 752 800  480 490 492 525 -hsync -vsync (31.5 kHz d)
[    35.174] (II) modesetting(G0): Modeline "512x384"x120.0   32.50  512 524 592 672  384 385 388 403 doublescan -hsync -vsync (48.4 kHz d)
[    35.174] (II) modesetting(G0): Modeline "400x300"x120.6   20.00  400 420 484 528  300 300 302 314 doublescan +hsync +vsync (37.9 kHz d)
[    35.174] (II) modesetting(G0): Modeline "400x300"x112.7   18.00  400 412 448 512  300 300 301 312 doublescan +hsync +vsync (35.2 kHz d)
[    35.174] (II) modesetting(G0): Modeline "320x240"x120.1   12.59  320 328 376 400  240 245 246 262 doublescan -hsync -vsync (31.5 kHz d)
[    35.175] (II) modesetting(G0): EDID for output VGA-1-0
[    35.176] (II) modesetting(G0): EDID for output HDMI-1-0
[    35.176] (II) modesetting(G0): Using default gamma of (1.0, 1.0, 1.0) unless otherwise stated.
[    35.176] (==) modesetting(G0): DPI set to (96, 96)
[    35.176] (II) Loading sub module "fb"
[    35.176] (II) LoadModule: "fb"
[    35.176] (II) Loading /usr/lib64/xorg/modules/libfb.so
[    35.176] (II) Module fb: vendor="X.Org Foundation"
[    35.176] 	compiled for 1.14.5, module version = 1.0.0
[    35.176] 	ABI class: X.Org ANSI C Emulation, version 0.4
[    35.176] (II) Loading sub module "shadow"
[    35.176] (II) LoadModule: "shadow"
[    35.176] (II) Loading /usr/lib64/xorg/modules/libshadow.so
[    35.177] (II) Module shadow: vendor="X.Org Foundation"
[    35.177] 	compiled for 1.14.5, module version = 1.1.0
[    35.177] 	ABI class: X.Org ANSI C Emulation, version 0.4
[    35.177] (--) Depth 24 pixmap format is 32 bpp
[    35.177] (==) modesetting(G0): Backing store disabled
[    35.177] (==) modesetting(G0): Silken mouse enabled
[    35.177] (II) modesetting(G0): RandR 1.2 enabled, ignore the following RandR disabled message.
[    35.177] (==) modesetting(G0): DPMS enabled
[    35.177] (WW) modesetting(G0): Option "CustomEDID" is not used
[    35.177] (WW) modesetting(G0): Option "RenderAccel" is not used
[    35.177] (WW) modesetting(G0): Option "NoRenderExtension" is not used
[    35.177] (WW) modesetting(G0): Option "AllowGLXWithComposite" is not used
[    35.177] (WW) modesetting(G0): Option "AddARGBGLXVisuals" is not used
[    35.177] (WW) modesetting(G0): Option "DamageEvents" is not used
[    35.177] (WW) modesetting(G0): Option "ConnectToAcpid" is not used
[    36.196] (II) NVIDIA: Using 3072.00 MB of virtual memory for indirect memory
[    36.196] (II) NVIDIA:     access.
[    36.198] (II) NVIDIA(0): Setting mode "NULL"
[    36.199] (EE) NVIDIA(0): Failed to initiate mode change.
[    36.199] (EE) NVIDIA(0): Failed to complete mode change
[    36.207] (II) NVIDIA(0): Built-in logo is bigger than the screen.
[    36.207] Loading extension NV-GLX
[    36.210] (==) NVIDIA(0): Disabling shared memory pixmaps
[    36.210] (==) NVIDIA(0): Backing store disabled
[    36.210] (==) NVIDIA(0): Silken mouse enabled
[    36.210] (==) NVIDIA(0): DPMS enabled
[    36.210] Loading extension NV-CONTROL
[    36.210] (II) Loading sub module "dri2"
[    36.210] (II) LoadModule: "dri2"
[    36.210] (II) Module "dri2" already built-in
[    36.210] (II) NVIDIA(0): [DRI2] Setup complete
[    36.210] (II) NVIDIA(0): [DRI2]   VDPAU driver: nvidia
[    36.211] (--) RandR disabled
[    36.214] (II) Initializing extension GLX
[    36.214] (II) modesetting(G0): Damage tracking initialized
[    36.443] (II) config/udev: Adding input device Power Button (/dev/input/event3)
[    36.443] (**) Power Button: Applying InputClass "evdev keyboard catchall"
[    36.443] (II) LoadModule: "evdev"
[    36.443] (II) Loading /usr/lib64/xorg/modules/input/evdev_drv.so
[    36.488] (II) Module evdev: vendor="X.Org Foundation"
[    36.488] 	compiled for 1.14.5, module version = 2.8.2
[    36.488] 	Module class: X.Org XInput Driver
[    36.488] 	ABI class: X.Org XInput driver, version 19.1
[    36.488] (II) Using input driver 'evdev' for 'Power Button'
[    36.488] (**) Power Button: always reports core events
[    36.488] (**) evdev: Power Button: Device: "/dev/input/event3"
[    36.488] (--) evdev: Power Button: Vendor 0 Product 0x1
[    36.488] (--) evdev: Power Button: Found keys
[    36.488] (II) evdev: Power Button: Configuring as keyboard
[    36.488] (**) Option "config_info" "udev:/sys/devices/LNXSYSTM:00/LNXPWRBN:00/input/input3/event3"
[    36.488] (II) XINPUT: Adding extended input device "Power Button" (type: KEYBOARD, id 6)
[    36.488] (**) Option "xkb_rules" "evdev"
[    36.488] (**) Option "xkb_model" "pc104"
[    36.488] (**) Option "xkb_layout" "us"
[    36.500] (II) config/udev: Adding input device Video Bus (/dev/input/event5)
[    36.500] (**) Video Bus: Applying InputClass "evdev keyboard catchall"
[    36.500] (II) Using input driver 'evdev' for 'Video Bus'
[    36.500] (**) Video Bus: always reports core events
[    36.500] (**) evdev: Video Bus: Device: "/dev/input/event5"
[    36.500] (--) evdev: Video Bus: Vendor 0 Product 0x6
[    36.500] (--) evdev: Video Bus: Found keys
[    36.500] (II) evdev: Video Bus: Configuring as keyboard
[    36.500] (**) Option "config_info" "udev:/sys/devices/LNXSYSTM:00/device:00/PNP0A08:00/LNXVIDEO:01/input/input5/event5"
[    36.500] (II) XINPUT: Adding extended input device "Video Bus" (type: KEYBOARD, id 7)
[    36.500] (**) Option "xkb_rules" "evdev"
[    36.500] (**) Option "xkb_model" "pc104"
[    36.500] (**) Option "xkb_layout" "us"
[    36.500] (II) config/udev: Adding input device Video Bus (/dev/input/event4)
[    36.500] (**) Video Bus: Applying InputClass "evdev keyboard catchall"
[    36.500] (II) Using input driver 'evdev' for 'Video Bus'
[    36.500] (**) Video Bus: always reports core events
[    36.500] (**) evdev: Video Bus: Device: "/dev/input/event4"
[    36.500] (--) evdev: Video Bus: Vendor 0 Product 0x6
[    36.500] (--) evdev: Video Bus: Found keys
[    36.500] (II) evdev: Video Bus: Configuring as keyboard
[    36.500] (**) Option "config_info" "udev:/sys/devices/LNXSYSTM:00/device:00/PNP0A08:00/device:48/LNXVIDEO:00/input/input4/event4"
[    36.500] (II) XINPUT: Adding extended input device "Video Bus" (type: KEYBOARD, id 8)
[    36.500] (**) Option "xkb_rules" "evdev"
[    36.500] (**) Option "xkb_model" "pc104"
[    36.500] (**) Option "xkb_layout" "us"
[    36.501] (II) config/udev: Adding input device Power Button (/dev/input/event0)
[    36.501] (**) Power Button: Applying InputClass "evdev keyboard catchall"
[    36.501] (II) Using input driver 'evdev' for 'Power Button'
[    36.501] (**) Power Button: always reports core events
[    36.501] (**) evdev: Power Button: Device: "/dev/input/event0"
[    36.501] (--) evdev: Power Button: Vendor 0 Product 0x1
[    36.501] (--) evdev: Power Button: Found keys
[    36.501] (II) evdev: Power Button: Configuring as keyboard
[    36.501] (**) Option "config_info" "udev:/sys/devices/LNXSYSTM:00/device:00/PNP0C0C:00/input/input0/event0"
[    36.501] (II) XINPUT: Adding extended input device "Power Button" (type: KEYBOARD, id 9)
[    36.501] (**) Option "xkb_rules" "evdev"
[    36.501] (**) Option "xkb_model" "pc104"
[    36.501] (**) Option "xkb_layout" "us"
[    36.501] (II) config/udev: Adding input device Lid Switch (/dev/input/event2)
[    36.501] (II) No input driver specified, ignoring this device.
[    36.501] (II) This device may have been added with another device file.
[    36.501] (II) config/udev: Adding input device Sleep Button (/dev/input/event1)
[    36.501] (**) Sleep Button: Applying InputClass "evdev keyboard catchall"
[    36.501] (II) Using input driver 'evdev' for 'Sleep Button'
[    36.501] (**) Sleep Button: always reports core events
[    36.501] (**) evdev: Sleep Button: Device: "/dev/input/event1"
[    36.501] (--) evdev: Sleep Button: Vendor 0 Product 0x3
[    36.501] (--) evdev: Sleep Button: Found keys
[    36.501] (II) evdev: Sleep Button: Configuring as keyboard
[    36.501] (**) Option "config_info" "udev:/sys/devices/LNXSYSTM:00/device:00/PNP0C0E:00/input/input1/event1"
[    36.501] (II) XINPUT: Adding extended input device "Sleep Button" (type: KEYBOARD, id 10)
[    36.501] (**) Option "xkb_rules" "evdev"
[    36.501] (**) Option "xkb_model" "pc104"
[    36.501] (**) Option "xkb_layout" "us"
[    36.501] (II) config/udev: Adding drm device (/dev/dri/card1)
[    36.502] (II) config/udev: Adding drm device (/dev/dri/card0)
[    36.502] (II) config/udev: Adding input device Microsoft Microsoft Wheel Mouse Optical (/dev/input/event7)
[    36.502] (**) Microsoft Microsoft Wheel Mouse Optical: Applying InputClass "evdev pointer catchall"
[    36.502] (II) Using input driver 'evdev' for 'Microsoft Microsoft Wheel Mouse Optical'
[    36.502] (**) Microsoft Microsoft Wheel Mouse Optical: always reports core events
[    36.502] (**) evdev: Microsoft Microsoft Wheel Mouse Optical: Device: "/dev/input/event7"
[    36.502] (--) evdev: Microsoft Microsoft Wheel Mouse Optical: Vendor 0x45e Product 0x40
[    36.502] (--) evdev: Microsoft Microsoft Wheel Mouse Optical: Found 3 mouse buttons
[    36.502] (--) evdev: Microsoft Microsoft Wheel Mouse Optical: Found scroll wheel(s)
[    36.502] (--) evdev: Microsoft Microsoft Wheel Mouse Optical: Found relative axes
[    36.502] (--) evdev: Microsoft Microsoft Wheel Mouse Optical: Found x and y relative axes
[    36.502] (II) evdev: Microsoft Microsoft Wheel Mouse Optical: Configuring as mouse
[    36.502] (II) evdev: Microsoft Microsoft Wheel Mouse Optical: Adding scrollwheel support
[    36.502] (**) evdev: Microsoft Microsoft Wheel Mouse Optical: YAxisMapping: buttons 4 and 5
[    36.502] (**) evdev: Microsoft Microsoft Wheel Mouse Optical: EmulateWheelButton: 4, EmulateWheelInertia: 10, EmulateWheelTimeout: 200
[    36.502] (**) Option "config_info" "udev:/sys/devices/pci0000:00/0000:00:14.0/usb3/3-3/3-3:1.0/input/input13/event7"
[    36.502] (II) XINPUT: Adding extended input device "Microsoft Microsoft Wheel Mouse Optical" (type: MOUSE, id 11)
[    36.502] (II) evdev: Microsoft Microsoft Wheel Mouse Optical: initialized for relative axes.
[    36.502] (**) Microsoft Microsoft Wheel Mouse Optical: (accel) keeping acceleration scheme 1
[    36.502] (**) Microsoft Microsoft Wheel Mouse Optical: (accel) acceleration profile 0
[    36.502] (**) Microsoft Microsoft Wheel Mouse Optical: (accel) acceleration factor: 2.000
[    36.502] (**) Microsoft Microsoft Wheel Mouse Optical: (accel) acceleration threshold: 4
[    36.502] (II) config/udev: Adding input device Microsoft Microsoft Wheel Mouse Optical (/dev/input/mouse0)
[    36.502] (II) No input driver specified, ignoring this device.
[    36.502] (II) This device may have been added with another device file.
[    36.502] (II) config/udev: Adding input device BisonCam, NB Pro (/dev/input/event9)
[    36.502] (**) BisonCam, NB Pro: Applying InputClass "evdev keyboard catchall"
[    36.502] (II) Using input driver 'evdev' for 'BisonCam, NB Pro'
[    36.502] (**) BisonCam, NB Pro: always reports core events
[    36.502] (**) evdev: BisonCam, NB Pro: Device: "/dev/input/event9"
[    36.502] (--) evdev: BisonCam, NB Pro: Vendor 0x5986 Product 0x400
[    36.502] (--) evdev: BisonCam, NB Pro: Found keys
[    36.502] (II) evdev: BisonCam, NB Pro: Configuring as keyboard
[    36.502] (**) Option "config_info" "udev:/sys/devices/pci0000:00/0000:00:14.0/usb3/3-8/3-8:1.0/input/input16/event9"
[    36.502] (II) XINPUT: Adding extended input device "BisonCam, NB Pro" (type: KEYBOARD, id 12)
[    36.502] (**) Option "xkb_rules" "evdev"
[    36.502] (**) Option "xkb_model" "pc104"
[    36.503] (**) Option "xkb_layout" "us"
[    36.503] (II) config/udev: Adding input device AT Translated Set 2 keyboard (/dev/input/event6)
[    36.503] (**) AT Translated Set 2 keyboard: Applying InputClass "evdev keyboard catchall"
[    36.503] (II) Using input driver 'evdev' for 'AT Translated Set 2 keyboard'
[    36.503] (**) AT Translated Set 2 keyboard: always reports core events
[    36.503] (**) evdev: AT Translated Set 2 keyboard: Device: "/dev/input/event6"
[    36.503] (--) evdev: AT Translated Set 2 keyboard: Vendor 0x1 Product 0x1
[    36.503] (--) evdev: AT Translated Set 2 keyboard: Found keys
[    36.503] (II) evdev: AT Translated Set 2 keyboard: Configuring as keyboard
[    36.503] (**) Option "config_info" "udev:/sys/devices/platform/i8042/serio0/input/input6/event6"
[    36.503] (II) XINPUT: Adding extended input device "AT Translated Set 2 keyboard" (type: KEYBOARD, id 13)
[    36.503] (**) Option "xkb_rules" "evdev"
[    36.503] (**) Option "xkb_model" "pc104"
[    36.503] (**) Option "xkb_layout" "us"
[    36.503] (II) config/udev: Adding input device SynPS/2 Synaptics TouchPad (/dev/input/event8)
[    36.503] (**) SynPS/2 Synaptics TouchPad: Applying InputClass "evdev touchpad catchall"
[    36.503] (II) Using input driver 'evdev' for 'SynPS/2 Synaptics TouchPad'
[    36.503] (**) SynPS/2 Synaptics TouchPad: always reports core events
