==== Prerequisites: ====
A UEFI computer with Windows 7 x64 or Windows 8 x64 installed on a gpt partitioned hard drive and booting in uefi mode.
==== Use Windows to shrink a windows partition to make room for Gentoo (if needed). ====
===== WINDOWS 7: =====
Type "disk management" in the search window<br />
Select "Create and format hard disk partitions" from the top of the list<br />
Right click on the target partition and choose “shrink volume”<br />
Provide the size of the shrink<br />
===== WINDOWS 8: =====
Press Windows-x (windows key and x key simultaneously).<br />
Choose “Disk Management”<br />
Right click on the target partition and choose “shrink volume”<br />
Provide the size of the shrink<br />
==== Download and install rEFInd in Windows ====
[http://sourceforge.net/projects/refind/files/0.6.12/refind-bin-0.6.12.zip/download Get rEFInd]<br />
Extract refind-bin-0.6.12.zip to a handy location.<br />
[http://www.rodsbooks.com/refind/installing.html#windows Get directions; then install rEFInd from Windows to the Windows EFI System partition (ESP)]<br />
==== Obtain UEFI bootable linux media ====
[http://www.sysresccd.org/Download Get a System Rescue Cd iso]<br />
Create a System Rescue Cd or [http://www.sysresccd.org/Sysresccd-manual-en_How_to_install_SystemRescueCd_on_an_USB-stick System Rescue USB flash drive]<br />
Mount the sysresccd or sysrescusb and restart the computer. The CD or USB should appear as a choice in the rEFInd menu.<br />
==== Install Gentoo. ====
Exceptions/additions to the [http://www.gentoo.org/doc/en/handbook/handbook-amd64.xml?style=printable&full=1 Gentoo Handbook]:<br />
===== Use gdisk instead of fdisk or parted to create gentoo partitions. =====
Example:<br />
<nowiki>gdisk /dev/sda<br />
GPT fdisk (gdisk) version 0.8.6<br />
<br />
Partition table scan:<br />
  MBR: protective<br />
  BSD: not present<br />
  APM: not present<br />
  GPT: present<br />
<br />
Found valid GPT with protective MBR; using GPT.<br />
<br />
Command (? for help): p<br />
Disk /dev/sda: 500118192 sectors, 238.5 GiB<br />
Logical sector size: 512 bytes<br />
Disk identifier (GUID): C72786B7-C1FB-4A60-8F5F-216FA9097A98<br />
Partition table holds up to 128 entries<br />
First usable sector is 34, last usable sector is 500118158<br />
Partitions will be aligned on 2048-sector boundaries<br />
Total free space is 123357805 sectors (58.8 GiB)<br />

Number  Start (sector)    End (sector)  Size       Code  Name
   1            2048          616447   300.0 MiB   2700  Basic data partition<br />
   2          616448          821247   100.0 MiB   EF00  EFI system partition<br />
   3          821248         1083391   128.0 MiB   0C01  Microsoft reserved part<br />
   4         1083392       376762367   179.1 GiB   0700  Basic data partition<br />
<br />
Command (? for help): n<br />
Partition number (5-128, default 5): <br />
First sector (34-500118158, default = 376762368) or {+-}size{KMGTP}: <br />
Last sector (376762368-500118158, default = 500118158) or {+-}size{KMGTP}: +100M<br />
Current type is 'Linux filesystem'<br />
Hex code or GUID (L to show codes, Enter = 8300): <br />
Changed type of partition to 'Linux filesystem'<br />
Entering GPTPart::SetName(const UnicodeString...)<br />

Command (? for help): n<br />
Partition number (6-128, default 6): <br />
First sector (34-500118158, default = 376967168) or {+-}size{KMGTP}:<br /> 
Last sector (376967168-500118158, default = 500118158) or {+-}size{KMGTP}: +1G<br />
Current type is 'Linux filesystem'<br />
Hex code or GUID (L to show codes, Enter = 8300): 8200<br />
Changed type of partition to 'Linux swap'<br />
Entering GPTPart::SetName(const UnicodeString...)<br />
<br />
Command (? for help): n<br />
Partition number (7-128, default 7): <br />
First sector (34-500118158, default = 379064320) or {+-}size{KMGTP}: <br />
Last sector (379064320-500118158, default = 500118158) or {+-}size{KMGTP}: <br />
Current type is 'Linux filesystem'<br />
Hex code or GUID (L to show codes, Enter = 8300): <br />
Changed type of partition to 'Linux filesystem'<br />
Entering GPTPart::SetName(const UnicodeString...)<br />
<br />
Command (? for help): p<br />
Disk /dev/sda: 500118192 sectors, 238.5 GiB<br />
Logical sector size: 512 bytes<br />
Disk identifier (GUID): C72786B7-C1FB-4A60-8F5F-216FA9097A98<br />
Partition table holds up to 128 entries<br />
First usable sector is 34, last usable sector is 500118158<br />
Partitions will be aligned on 2048-sector boundaries<br />
Total free space is 2014 sectors (1007.0 KiB)<br />
<br />
Number  Start (sector)    End (sector)  Size       Code  Name<br />
   1            2048          616447   300.0 MiB   2700  Basic data partition<br />
   2          616448          821247   100.0 MiB   EF00  EFI system partition<br />
   3          821248         1083391   128.0 MiB   0C01  Microsoft reserved part<br />
   4         1083392       376762367   179.1 GiB   0700  Basic data partition<br />
   5       376762368       376967167   100.0 MiB   8300  Linux filesystem<br />
   6       376967168       379064319   1024.0 MiB  8200  Linux swap<br />
   7       379064320       500118158   57.7 GiB    8300  Linux filesystem<br />
<br />
Command (? for help): w<br />
<br />
Final checks complete. About to write GPT data. THIS WILL OVERWRITE EXISTING<br />
PARTITIONS!!<br />

Do you want to proceed? (Y/N): y<br />
OK; writing new GUID partition table (GPT) to /dev/sda.
The operation has completed successfully.<br />
</nowiki>
